[2024-11-22 19:47:07] Erro na consulta: SQLSTATE[42S02]: Base table or view not found: 1146 Table 'desafio_resumo.tabela_exemplo' doesn't exist
[2024-11-22 19:48:09] Erro na consulta: SQLSTATE[42S02]: Base table or view not found: 1146 Table 'desafio_resumo.tabela_exemplo' doesn't exist
[2024-11-22 19:49:21] Erro na consulta: SQLSTATE[42S02]: Base table or view not found: 1146 Table 'desafio_resumo.tabela_exemplo' doesn't exist
[2024-11-22 19:49:33] Erro na consulta: SQLSTATE[42S02]: Base table or view not found: 1146 Table 'desafio_resumo.tabela_exemplo' doesn't exist
[2024-11-22 19:57:30] Erro na consulta: SQLSTATE[42S02]: Base table or view not found: 1146 Table 'desafio_resumo.tabela_exemplo' doesn't exist
[2024-11-22 19:57:44] Erro na consulta: SQLSTATE[42S02]: Base table or view not found: 1146 Table 'desafio_resumo.tabela_exemplo' doesn't exist
[2024-11-22 19:57:44] Erro na consulta: SQLSTATE[42S02]: Base table or view not found: 1146 Table 'desafio_resumo.tabela_exemplo' doesn't exist
[2024-11-22 19:57:44] Erro na consulta: SQLSTATE[42S02]: Base table or view not found: 1146 Table 'desafio_resumo.tabela_exemplo' doesn't exist
[2024-11-22 19:57:44] Erro na consulta: SQLSTATE[42S02]: Base table or view not found: 1146 Table 'desafio_resumo.tabela_exemplo' doesn't exist
[2024-11-22 19:57:44] Erro na consulta: SQLSTATE[42S02]: Base table or view not found: 1146 Table 'desafio_resumo.tabela_exemplo' doesn't exist
[2024-11-22 19:57:44] Erro na consulta: SQLSTATE[42S02]: Base table or view not found: 1146 Table 'desafio_resumo.tabela_exemplo' doesn't exist
[2024-11-22 19:57:44] Erro na consulta: SQLSTATE[42S02]: Base table or view not found: 1146 Table 'desafio_resumo.tabela_exemplo' doesn't exist
[2024-11-22 19:57:44] Erro na consulta: SQLSTATE[42S02]: Base table or view not found: 1146 Table 'desafio_resumo.tabela_exemplo' doesn't exist
[2024-11-22 19:57:44] Erro na consulta: SQLSTATE[42S02]: Base table or view not found: 1146 Table 'desafio_resumo.tabela_exemplo' doesn't exist
[2024-11-22 19:57:44] Erro na consulta: SQLSTATE[42S02]: Base table or view not found: 1146 Table 'desafio_resumo.tabela_exemplo' doesn't exist
[2024-11-22 19:57:44] Erro na consulta: SQLSTATE[42S02]: Base table or view not found: 1146 Table 'desafio_resumo.tabela_exemplo' doesn't exist
[2024-11-22 19:57:44] Erro na consulta: SQLSTATE[42S02]: Base table or view not found: 1146 Table 'desafio_resumo.tabela_exemplo' doesn't exist
[2024-11-22 19:57:44] Erro na consulta: SQLSTATE[42S02]: Base table or view not found: 1146 Table 'desafio_resumo.tabela_exemplo' doesn't exist
[2024-11-22 19:57:44] Erro na consulta: SQLSTATE[42S02]: Base table or view not found: 1146 Table 'desafio_resumo.tabela_exemplo' doesn't exist
[2024-11-22 19:57:44] Erro na consulta: SQLSTATE[42S02]: Base table or view not found: 1146 Table 'desafio_resumo.tabela_exemplo' doesn't exist
[2024-11-22 19:57:44] Erro na consulta: SQLSTATE[42S02]: Base table or view not found: 1146 Table 'desafio_resumo.tabela_exemplo' doesn't exist
[2024-11-22 19:57:44] Erro na consulta: SQLSTATE[42S02]: Base table or view not found: 1146 Table 'desafio_resumo.tabela_exemplo' doesn't exist
[2024-11-22 19:57:44] Erro na consulta: SQLSTATE[42S02]: Base table or view not found: 1146 Table 'desafio_resumo.tabela_exemplo' doesn't exist
[2024-11-22 19:57:44] Erro na consulta: SQLSTATE[42S02]: Base table or view not found: 1146 Table 'desafio_resumo.tabela_exemplo' doesn't exist
[2024-11-22 19:57:45] Erro na consulta: SQLSTATE[42S02]: Base table or view not found: 1146 Table 'desafio_resumo.tabela_exemplo' doesn't exist
[2024-11-22 19:57:45] Erro na consulta: SQLSTATE[42S02]: Base table or view not found: 1146 Table 'desafio_resumo.tabela_exemplo' doesn't exist
[2024-11-22 19:57:45] Erro na consulta: SQLSTATE[42S02]: Base table or view not found: 1146 Table 'desafio_resumo.tabela_exemplo' doesn't exist
[2024-11-22 19:57:45] Erro na consulta: SQLSTATE[42S02]: Base table or view not found: 1146 Table 'desafio_resumo.tabela_exemplo' doesn't exist
[2024-11-22 19:57:45] Erro na consulta: SQLSTATE[42S02]: Base table or view not found: 1146 Table 'desafio_resumo.tabela_exemplo' doesn't exist
[2024-11-22 19:57:45] Erro na consulta: SQLSTATE[42S02]: Base table or view not found: 1146 Table 'desafio_resumo.tabela_exemplo' doesn't exist
[2024-11-22 19:57:45] Erro na consulta: SQLSTATE[42S02]: Base table or view not found: 1146 Table 'desafio_resumo.tabela_exemplo' doesn't exist
[2024-11-22 19:57:45] Erro na consulta: SQLSTATE[42S02]: Base table or view not found: 1146 Table 'desafio_resumo.tabela_exemplo' doesn't exist
[2024-11-22 19:57:45] Erro na consulta: SQLSTATE[42S02]: Base table or view not found: 1146 Table 'desafio_resumo.tabela_exemplo' doesn't exist
[2024-11-22 19:57:45] Erro na consulta: SQLSTATE[42S02]: Base table or view not found: 1146 Table 'desafio_resumo.tabela_exemplo' doesn't exist
[2024-11-22 19:57:45] Erro na consulta: SQLSTATE[42S02]: Base table or view not found: 1146 Table 'desafio_resumo.tabela_exemplo' doesn't exist
[2024-11-22 19:57:45] Erro na consulta: SQLSTATE[42S02]: Base table or view not found: 1146 Table 'desafio_resumo.tabela_exemplo' doesn't exist
[2024-11-22 19:57:45] Erro na consulta: SQLSTATE[42S02]: Base table or view not found: 1146 Table 'desafio_resumo.tabela_exemplo' doesn't exist
[2024-11-22 19:57:45] Erro na consulta: SQLSTATE[42S02]: Base table or view not found: 1146 Table 'desafio_resumo.tabela_exemplo' doesn't exist
[2024-11-22 19:57:46] Erro na consulta: SQLSTATE[42S02]: Base table or view not found: 1146 Table 'desafio_resumo.tabela_exemplo' doesn't exist
[2024-11-22 19:57:46] Erro na consulta: SQLSTATE[42S02]: Base table or view not found: 1146 Table 'desafio_resumo.tabela_exemplo' doesn't exist
[2024-11-22 19:57:46] Erro na consulta: SQLSTATE[42S02]: Base table or view not found: 1146 Table 'desafio_resumo.tabela_exemplo' doesn't exist
[2024-11-22 19:57:46] Erro na consulta: SQLSTATE[42S02]: Base table or view not found: 1146 Table 'desafio_resumo.tabela_exemplo' doesn't exist
[2024-11-22 19:57:46] Erro na consulta: SQLSTATE[42S02]: Base table or view not found: 1146 Table 'desafio_resumo.tabela_exemplo' doesn't exist
[2024-11-22 19:57:46] Erro na consulta: SQLSTATE[42S02]: Base table or view not found: 1146 Table 'desafio_resumo.tabela_exemplo' doesn't exist
[2024-11-22 19:57:51] Erro na consulta: SQLSTATE[42S02]: Base table or view not found: 1146 Table 'desafio_resumo.tabela_exemplo' doesn't exist
[2024-11-22 19:57:51] Erro na consulta: SQLSTATE[42S02]: Base table or view not found: 1146 Table 'desafio_resumo.tabela_exemplo' doesn't exist
[2024-11-22 19:57:51] Erro na consulta: SQLSTATE[42S02]: Base table or view not found: 1146 Table 'desafio_resumo.tabela_exemplo' doesn't exist
[2024-11-22 19:57:51] Erro na consulta: SQLSTATE[42S02]: Base table or view not found: 1146 Table 'desafio_resumo.tabela_exemplo' doesn't exist
[2024-11-22 19:57:51] Erro na consulta: SQLSTATE[42S02]: Base table or view not found: 1146 Table 'desafio_resumo.tabela_exemplo' doesn't exist
[2024-11-22 19:57:51] Erro na consulta: SQLSTATE[42S02]: Base table or view not found: 1146 Table 'desafio_resumo.tabela_exemplo' doesn't exist
[2024-11-22 19:57:51] Erro na consulta: SQLSTATE[42S02]: Base table or view not found: 1146 Table 'desafio_resumo.tabela_exemplo' doesn't exist
[2024-11-22 19:57:51] Erro na consulta: SQLSTATE[42S02]: Base table or view not found: 1146 Table 'desafio_resumo.tabela_exemplo' doesn't exist
[2024-11-22 19:57:51] Erro na consulta: SQLSTATE[42S02]: Base table or view not found: 1146 Table 'desafio_resumo.tabela_exemplo' doesn't exist
[2024-11-22 19:57:51] Erro na consulta: SQLSTATE[42S02]: Base table or view not found: 1146 Table 'desafio_resumo.tabela_exemplo' doesn't exist
[2024-11-22 19:57:51] Erro na consulta: SQLSTATE[42S02]: Base table or view not found: 1146 Table 'desafio_resumo.tabela_exemplo' doesn't exist
[2024-11-22 19:57:51] Erro na consulta: SQLSTATE[42S02]: Base table or view not found: 1146 Table 'desafio_resumo.tabela_exemplo' doesn't exist
[2024-11-22 19:57:51] Erro na consulta: SQLSTATE[42S02]: Base table or view not found: 1146 Table 'desafio_resumo.tabela_exemplo' doesn't exist
[2024-11-22 19:57:51] Erro na consulta: SQLSTATE[42S02]: Base table or view not found: 1146 Table 'desafio_resumo.tabela_exemplo' doesn't exist
[2024-11-22 19:57:51] Erro na consulta: SQLSTATE[42S02]: Base table or view not found: 1146 Table 'desafio_resumo.tabela_exemplo' doesn't exist
[2024-11-22 19:57:51] Erro na consulta: SQLSTATE[42S02]: Base table or view not found: 1146 Table 'desafio_resumo.tabela_exemplo' doesn't exist
[2024-11-22 19:57:51] Erro na consulta: SQLSTATE[42S02]: Base table or view not found: 1146 Table 'desafio_resumo.tabela_exemplo' doesn't exist
[2024-11-22 19:57:51] Erro na consulta: SQLSTATE[42S02]: Base table or view not found: 1146 Table 'desafio_resumo.tabela_exemplo' doesn't exist
[2024-11-22 19:57:51] Erro na consulta: SQLSTATE[42S02]: Base table or view not found: 1146 Table 'desafio_resumo.tabela_exemplo' doesn't exist
[2024-11-22 19:57:51] Erro na consulta: SQLSTATE[42S02]: Base table or view not found: 1146 Table 'desafio_resumo.tabela_exemplo' doesn't exist
[2024-11-22 19:58:21] Erro na consulta: SQLSTATE[42S02]: Base table or view not found: 1146 Table 'desafio_resumo.tabela_exemplo' doesn't exist
[2024-11-22 19:58:21] Erro na consulta: SQLSTATE[42S02]: Base table or view not found: 1146 Table 'desafio_resumo.tabela_exemplo' doesn't exist
[2024-11-22 19:58:21] Erro na consulta: SQLSTATE[42S02]: Base table or view not found: 1146 Table 'desafio_resumo.tabela_exemplo' doesn't exist
[2024-11-22 19:58:21] Erro na consulta: SQLSTATE[42S02]: Base table or view not found: 1146 Table 'desafio_resumo.tabela_exemplo' doesn't exist
[2024-11-22 19:58:21] Erro na consulta: SQLSTATE[42S02]: Base table or view not found: 1146 Table 'desafio_resumo.tabela_exemplo' doesn't exist
[2024-11-22 19:58:21] Erro na consulta: SQLSTATE[42S02]: Base table or view not found: 1146 Table 'desafio_resumo.tabela_exemplo' doesn't exist
[2024-11-22 19:58:21] Erro na consulta: SQLSTATE[42S02]: Base table or view not found: 1146 Table 'desafio_resumo.tabela_exemplo' doesn't exist
[2024-11-22 19:58:21] Erro na consulta: SQLSTATE[42S02]: Base table or view not found: 1146 Table 'desafio_resumo.tabela_exemplo' doesn't exist
[2024-11-22 19:58:22] Erro na consulta: SQLSTATE[42S02]: Base table or view not found: 1146 Table 'desafio_resumo.tabela_exemplo' doesn't exist
[2024-11-22 19:58:22] Erro na consulta: SQLSTATE[42S02]: Base table or view not found: 1146 Table 'desafio_resumo.tabela_exemplo' doesn't exist
[2024-11-22 19:58:22] Erro na consulta: SQLSTATE[42S02]: Base table or view not found: 1146 Table 'desafio_resumo.tabela_exemplo' doesn't exist
[2024-11-22 19:58:22] Erro na consulta: SQLSTATE[42S02]: Base table or view not found: 1146 Table 'desafio_resumo.tabela_exemplo' doesn't exist
[2024-11-22 19:58:22] Erro na consulta: SQLSTATE[42S02]: Base table or view not found: 1146 Table 'desafio_resumo.tabela_exemplo' doesn't exist
[2024-11-22 19:58:22] Erro na consulta: SQLSTATE[42S02]: Base table or view not found: 1146 Table 'desafio_resumo.tabela_exemplo' doesn't exist
[2024-11-22 19:58:22] Erro na consulta: SQLSTATE[42S02]: Base table or view not found: 1146 Table 'desafio_resumo.tabela_exemplo' doesn't exist
[2024-11-22 19:58:22] Erro na consulta: SQLSTATE[42S02]: Base table or view not found: 1146 Table 'desafio_resumo.tabela_exemplo' doesn't exist
[2024-11-22 19:58:22] Erro na consulta: SQLSTATE[42S02]: Base table or view not found: 1146 Table 'desafio_resumo.tabela_exemplo' doesn't exist
[2024-11-22 19:58:22] Erro na consulta: SQLSTATE[42S02]: Base table or view not found: 1146 Table 'desafio_resumo.tabela_exemplo' doesn't exist
[2024-11-22 19:58:22] Erro na consulta: SQLSTATE[42S02]: Base table or view not found: 1146 Table 'desafio_resumo.tabela_exemplo' doesn't exist
[2024-11-22 19:58:22] Erro na consulta: SQLSTATE[42S02]: Base table or view not found: 1146 Table 'desafio_resumo.tabela_exemplo' doesn't exist
[2024-11-22 19:58:54] Erro na consulta: SQLSTATE[42S02]: Base table or view not found: 1146 Table 'desafio_resumo.tabela_exemplo' doesn't exist
[2024-11-22 19:58:54] Erro na consulta: SQLSTATE[42S02]: Base table or view not found: 1146 Table 'desafio_resumo.tabela_exemplo' doesn't exist
[2024-11-22 19:58:54] Erro na consulta: SQLSTATE[42S02]: Base table or view not found: 1146 Table 'desafio_resumo.tabela_exemplo' doesn't exist
[2024-11-22 19:58:54] Erro na consulta: SQLSTATE[42S02]: Base table or view not found: 1146 Table 'desafio_resumo.tabela_exemplo' doesn't exist
[2024-11-22 19:58:54] Erro na consulta: SQLSTATE[42S02]: Base table or view not found: 1146 Table 'desafio_resumo.tabela_exemplo' doesn't exist
[2024-11-22 19:58:54] Erro na consulta: SQLSTATE[42S02]: Base table or view not found: 1146 Table 'desafio_resumo.tabela_exemplo' doesn't exist
[2024-11-22 19:58:54] Erro na consulta: SQLSTATE[42S02]: Base table or view not found: 1146 Table 'desafio_resumo.tabela_exemplo' doesn't exist
[2024-11-22 19:58:54] Erro na consulta: SQLSTATE[42S02]: Base table or view not found: 1146 Table 'desafio_resumo.tabela_exemplo' doesn't exist
[2024-11-22 19:58:54] Erro na consulta: SQLSTATE[42S02]: Base table or view not found: 1146 Table 'desafio_resumo.tabela_exemplo' doesn't exist
[2024-11-22 19:58:54] Erro na consulta: SQLSTATE[42S02]: Base table or view not found: 1146 Table 'desafio_resumo.tabela_exemplo' doesn't exist
[2024-11-22 19:58:54] Erro na consulta: SQLSTATE[42S02]: Base table or view not found: 1146 Table 'desafio_resumo.tabela_exemplo' doesn't exist
[2024-11-22 19:58:54] Erro na consulta: SQLSTATE[42S02]: Base table or view not found: 1146 Table 'desafio_resumo.tabela_exemplo' doesn't exist
[2024-11-22 19:58:54] Erro na consulta: SQLSTATE[42S02]: Base table or view not found: 1146 Table 'desafio_resumo.tabela_exemplo' doesn't exist
[2024-11-22 19:58:54] Erro na consulta: SQLSTATE[42S02]: Base table or view not found: 1146 Table 'desafio_resumo.tabela_exemplo' doesn't exist
[2024-11-22 19:58:54] Erro na consulta: SQLSTATE[42S02]: Base table or view not found: 1146 Table 'desafio_resumo.tabela_exemplo' doesn't exist
[2024-11-22 19:58:54] Erro na consulta: SQLSTATE[42S02]: Base table or view not found: 1146 Table 'desafio_resumo.tabela_exemplo' doesn't exist
[2024-11-22 19:58:54] Erro na consulta: SQLSTATE[42S02]: Base table or view not found: 1146 Table 'desafio_resumo.tabela_exemplo' doesn't exist
[2024-11-22 19:58:54] Erro na consulta: SQLSTATE[42S02]: Base table or view not found: 1146 Table 'desafio_resumo.tabela_exemplo' doesn't exist
[2024-11-22 19:58:54] Erro na consulta: SQLSTATE[42S02]: Base table or view not found: 1146 Table 'desafio_resumo.tabela_exemplo' doesn't exist
[2024-11-22 19:58:54] Erro na consulta: SQLSTATE[42S02]: Base table or view not found: 1146 Table 'desafio_resumo.tabela_exemplo' doesn't exist
[2024-11-22 19:59:32] Erro na consulta: SQLSTATE[42S02]: Base table or view not found: 1146 Table 'desafio_resumo.tabela_exemplo' doesn't exist
[2024-11-22 19:59:43] Erro na consulta: SQLSTATE[42S02]: Base table or view not found: 1146 Table 'desafio_resumo.tabela_exemplo' doesn't exist
[2024-11-22 20:01:14] Erro na consulta: SQLSTATE[42S02]: Base table or view not found: 1146 Table 'desafio_resumo.tabela_exemplo' doesn't exist
[2024-11-22 20:05:19] Erro na consulta: SQLSTATE[42S02]: Base table or view not found: 1146 Table 'desafio_resumo.tabela_exemplo' doesn't exist
[2024-11-22 20:05:20] Erro na consulta: SQLSTATE[42S02]: Base table or view not found: 1146 Table 'desafio_resumo.tabela_exemplo' doesn't exist
[2024-11-22 20:05:35] Erro na consulta: SQLSTATE[42S02]: Base table or view not found: 1146 Table 'desafio_resumo.tabela_exemplo' doesn't exist
[2024-11-22 20:06:14] Erro na consulta: SQLSTATE[42S02]: Base table or view not found: 1146 Table 'desafio_resumo.tabela_exemplo' doesn't exist
[2024-11-22 20:14:19] Erro na consulta: SQLSTATE[42S02]: Base table or view not found: 1146 Table 'desafio_resumo.tabela_exemplo' doesn't exist
[2024-11-22 20:15:06] Erro na consulta: SQLSTATE[42S02]: Base table or view not found: 1146 Table 'desafio_resumo.tabela_exemplo' doesn't exist
[2024-11-22 20:15:06] Erro na consulta: SQLSTATE[42S02]: Base table or view not found: 1146 Table 'desafio_resumo.tabela_exemplo' doesn't exist
[2024-11-22 20:15:38] Erro na consulta: SQLSTATE[42S02]: Base table or view not found: 1146 Table 'desafio_resumo.tabela_exemplo' doesn't exist
[2024-11-22 20:15:44] Erro na consulta: SQLSTATE[42S02]: Base table or view not found: 1146 Table 'desafio_resumo.tabela_exemplo' doesn't exist
[2024-11-22 20:15:59] Erro na consulta: SQLSTATE[42S02]: Base table or view not found: 1146 Table 'desafio_resumo.tabela_exemplo' doesn't exist
[2024-11-22 20:16:50] Erro na consulta: SQLSTATE[42S02]: Base table or view not found: 1146 Table 'desafio_resumo.tabela_exemplo' doesn't exist
[2024-11-22 20:16:50] Erro na consulta: SQLSTATE[42S02]: Base table or view not found: 1146 Table 'desafio_resumo.tabela_exemplo' doesn't exist
[2024-11-22 20:16:51] Erro na consulta: SQLSTATE[42S02]: Base table or view not found: 1146 Table 'desafio_resumo.tabela_exemplo' doesn't exist
[2024-11-22 20:16:54] Erro na consulta: SQLSTATE[42S02]: Base table or view not found: 1146 Table 'desafio_resumo.tabela_exemplo' doesn't exist
[2024-11-22 20:17:39] Erro na consulta: SQLSTATE[42S02]: Base table or view not found: 1146 Table 'desafio_resumo.tabela_exemplo' doesn't exist
[2024-11-22 20:17:47] Erro na consulta: SQLSTATE[42S02]: Base table or view not found: 1146 Table 'desafio_resumo.tabela_exemplo' doesn't exist
[2024-11-22 20:21:19] Erro na consulta: SQLSTATE[42S02]: Base table or view not found: 1146 Table 'desafio_resumo.tabela_exemplo' doesn't exist
[2024-11-22 20:24:12] Erro na consulta: SQLSTATE[42S02]: Base table or view not found: 1146 Table 'desafio_resumo.tabela_exemplo' doesn't exist
[2024-11-22 20:24:16] Erro na consulta: SQLSTATE[42S02]: Base table or view not found: 1146 Table 'desafio_resumo.tabela_exemplo' doesn't exist
[2024-11-22 20:24:17] Erro na consulta: SQLSTATE[42S02]: Base table or view not found: 1146 Table 'desafio_resumo.tabela_exemplo' doesn't exist
[2024-11-22 20:27:20] Erro na consulta: SQLSTATE[42S02]: Base table or view not found: 1146 Table 'desafio_resumo.tabela_exemplo' doesn't exist
[2024-11-22 20:29:55] Erro na consulta: SQLSTATE[42S02]: Base table or view not found: 1146 Table 'desafio_resumo.tabela_exemplo' doesn't exist
[2024-11-22 20:29:57] Erro na consulta: SQLSTATE[42S02]: Base table or view not found: 1146 Table 'desafio_resumo.tabela_exemplo' doesn't exist
[2024-11-22 20:29:58] Erro na consulta: SQLSTATE[42S02]: Base table or view not found: 1146 Table 'desafio_resumo.tabela_exemplo' doesn't exist
[2024-11-22 20:29:58] Erro na consulta: SQLSTATE[42S02]: Base table or view not found: 1146 Table 'desafio_resumo.tabela_exemplo' doesn't exist
[2024-11-22 20:29:59] Erro na consulta: SQLSTATE[42S02]: Base table or view not found: 1146 Table 'desafio_resumo.tabela_exemplo' doesn't exist
[2024-11-22 20:30:26] Erro na consulta: SQLSTATE[42S02]: Base table or view not found: 1146 Table 'desafio_resumo.tabela_exemplo' doesn't exist
[2024-11-22 20:30:53] Erro na consulta: SQLSTATE[42S02]: Base table or view not found: 1146 Table 'desafio_resumo.tabela_exemplo' doesn't exist
[2024-11-22 20:34:02] Erro na consulta: SQLSTATE[42S02]: Base table or view not found: 1146 Table 'desafio_resumo.tabela_exemplo' doesn't exist
[2024-11-22 20:37:12] Erro na consulta: SQLSTATE[42S02]: Base table or view not found: 1146 Table 'desafio_resumo.tabela_exemplo' doesn't exist
[2024-11-22 20:38:31] Erro na consulta: SQLSTATE[42S02]: Base table or view not found: 1146 Table 'desafio_resumo.tabela_exemplo' doesn't exist
[2024-11-22 20:38:59] Erro na consulta: SQLSTATE[42S02]: Base table or view not found: 1146 Table 'desafio_resumo.tabela_exemplo' doesn't exist
[2024-11-22 20:40:20] Erro na consulta: SQLSTATE[42S02]: Base table or view not found: 1146 Table 'desafio_resumo.tabela_exemplo' doesn't exist
[2024-11-22 20:40:28] Erro na consulta: SQLSTATE[42S02]: Base table or view not found: 1146 Table 'desafio_resumo.tabela_exemplo' doesn't exist
[2024-11-22 20:46:09] Erro na consulta: SQLSTATE[42S02]: Base table or view not found: 1146 Table 'desafio_resumo.tabela_exemplo' doesn't exist
[2024-11-22 20:46:12] Erro na consulta: SQLSTATE[42S02]: Base table or view not found: 1146 Table 'desafio_resumo.tabela_exemplo' doesn't exist
[2024-11-22 20:46:15] Erro na consulta: SQLSTATE[42S02]: Base table or view not found: 1146 Table 'desafio_resumo.tabela_exemplo' doesn't exist
[2024-11-22 20:50:00] Erro na consulta: SQLSTATE[42S02]: Base table or view not found: 1146 Table 'desafio_resumo.tabela_exemplo' doesn't exist
[2024-11-22 20:51:50] Erro na consulta: SQLSTATE[42S02]: Base table or view not found: 1146 Table 'desafio_resumo.tabela_exemplo' doesn't exist
[2024-11-22 20:51:52] Erro na consulta: SQLSTATE[42S02]: Base table or view not found: 1146 Table 'desafio_resumo.tabela_exemplo' doesn't exist
[2024-11-22 20:52:51] Erro na consulta: SQLSTATE[42S02]: Base table or view not found: 1146 Table 'desafio_resumo.tabela_exemplo' doesn't exist
[2024-11-22 20:52:56] Erro na consulta: SQLSTATE[42S02]: Base table or view not found: 1146 Table 'desafio_resumo.tabela_exemplo' doesn't exist
[2024-11-22 20:52:57] Erro na consulta: SQLSTATE[42S02]: Base table or view not found: 1146 Table 'desafio_resumo.tabela_exemplo' doesn't exist
[2024-11-22 20:55:45] Erro na consulta: SQLSTATE[42S02]: Base table or view not found: 1146 Table 'desafio_resumo.tabela_exemplo' doesn't exist
[2024-11-22 20:55:47] Erro na consulta: SQLSTATE[42S02]: Base table or view not found: 1146 Table 'desafio_resumo.tabela_exemplo' doesn't exist
[2024-11-22 20:55:48] Erro na consulta: SQLSTATE[42S02]: Base table or view not found: 1146 Table 'desafio_resumo.tabela_exemplo' doesn't exist
[2024-11-22 20:57:33] Erro na consulta: SQLSTATE[42S02]: Base table or view not found: 1146 Table 'desafio_resumo.tabela_exemplo' doesn't exist
[2024-11-22 20:57:55] Erro na consulta: SQLSTATE[42S02]: Base table or view not found: 1146 Table 'desafio_resumo.tabela_exemplo' doesn't exist
[2024-11-22 20:59:44] Erro na consulta: SQLSTATE[42S02]: Base table or view not found: 1146 Table 'desafio_resumo.tabela_exemplo' doesn't exist
[2024-11-22 20:59:59] Erro na consulta: SQLSTATE[42S02]: Base table or view not found: 1146 Table 'desafio_resumo.tabela_exemplo' doesn't exist
[2024-11-22 21:01:20] Erro na consulta: SQLSTATE[42S02]: Base table or view not found: 1146 Table 'desafio_resumo.tabela_exemplo' doesn't exist
[2024-11-22 21:03:09] Erro na consulta: SQLSTATE[42S02]: Base table or view not found: 1146 Table 'desafio_resumo.tabela_exemplo' doesn't exist
[2024-11-22 21:03:41] Erro na consulta: SQLSTATE[42S02]: Base table or view not found: 1146 Table 'desafio_resumo.tabela_exemplo' doesn't exist
[2024-11-22 21:03:48] Erro na consulta: SQLSTATE[42S02]: Base table or view not found: 1146 Table 'desafio_resumo.tabela_exemplo' doesn't exist
[2024-11-22 21:03:49] Erro na consulta: SQLSTATE[42S02]: Base table or view not found: 1146 Table 'desafio_resumo.tabela_exemplo' doesn't exist
[2024-11-22 21:03:56] Erro na consulta: SQLSTATE[42S02]: Base table or view not found: 1146 Table 'desafio_resumo.tabela_exemplo' doesn't exist
[2024-11-22 21:03:57] Erro na consulta: SQLSTATE[42S02]: Base table or view not found: 1146 Table 'desafio_resumo.tabela_exemplo' doesn't exist
[2024-11-22 21:04:28] Erro na consulta: SQLSTATE[42S02]: Base table or view not found: 1146 Table 'desafio_resumo.tabela_exemplo' doesn't exist
[2024-11-22 21:05:02] Erro na consulta: SQLSTATE[42S02]: Base table or view not found: 1146 Table 'desafio_resumo.tabela_exemplo' doesn't exist
[2024-11-22 21:05:04] Erro na consulta: SQLSTATE[42S02]: Base table or view not found: 1146 Table 'desafio_resumo.tabela_exemplo' doesn't exist
[2024-11-22 21:05:38] Erro na consulta: SQLSTATE[42S02]: Base table or view not found: 1146 Table 'desafio_resumo.tabela_exemplo' doesn't exist
[2024-11-22 21:05:41] Erro na consulta: SQLSTATE[42S02]: Base table or view not found: 1146 Table 'desafio_resumo.tabela_exemplo' doesn't exist
[2024-11-22 21:06:27] Erro na consulta: SQLSTATE[42S02]: Base table or view not found: 1146 Table 'desafio_resumo.tabela_exemplo' doesn't exist
[2024-11-22 21:06:28] Erro na consulta: SQLSTATE[42S02]: Base table or view not found: 1146 Table 'desafio_resumo.tabela_exemplo' doesn't exist
[2024-11-22 21:06:29] Erro na consulta: SQLSTATE[42S02]: Base table or view not found: 1146 Table 'desafio_resumo.tabela_exemplo' doesn't exist
[2024-11-22 21:06:54] Erro na consulta: SQLSTATE[42S02]: Base table or view not found: 1146 Table 'desafio_resumo.tabela_exemplo' doesn't exist
[2024-11-22 21:10:09] Erro na consulta: SQLSTATE[42S02]: Base table or view not found: 1146 Table 'desafio_resumo.tabela_exemplo' doesn't exist
[2024-11-22 21:11:10] Erro na consulta: SQLSTATE[42S02]: Base table or view not found: 1146 Table 'desafio_resumo.tabela_exemplo' doesn't exist
[2024-11-22 21:13:44] Erro na consulta: SQLSTATE[42S02]: Base table or view not found: 1146 Table 'desafio_resumo.tabela_exemplo' doesn't exist
[2024-11-22 21:14:25] Erro na consulta: SQLSTATE[42S02]: Base table or view not found: 1146 Table 'desafio_resumo.tabela_exemplo' doesn't exist
[2024-11-22 21:16:10] Erro na consulta: SQLSTATE[42S02]: Base table or view not found: 1146 Table 'desafio_resumo.tabela_exemplo' doesn't exist
[2024-11-22 21:21:01] Erro na consulta: SQLSTATE[42S02]: Base table or view not found: 1146 Table 'desafio_resumo.tabela_exemplo' doesn't exist
[2024-11-22 21:22:06] Erro na consulta: SQLSTATE[42S02]: Base table or view not found: 1146 Table 'desafio_resumo.tabela_exemplo' doesn't exist
[2024-11-22 21:24:02] Erro na consulta: SQLSTATE[42S02]: Base table or view not found: 1146 Table 'desafio_resumo.tabela_exemplo' doesn't exist
[2024-11-22 21:24:13] Erro na consulta: SQLSTATE[42S02]: Base table or view not found: 1146 Table 'desafio_resumo.tabela_exemplo' doesn't exist
[2024-11-22 21:24:20] Erro na consulta: SQLSTATE[42S02]: Base table or view not found: 1146 Table 'desafio_resumo.tabela_exemplo' doesn't exist
[2024-11-22 21:24:24] Erro na consulta: SQLSTATE[42S02]: Base table or view not found: 1146 Table 'desafio_resumo.tabela_exemplo' doesn't exist
[2024-11-22 21:24:26] Erro na consulta: SQLSTATE[42S02]: Base table or view not found: 1146 Table 'desafio_resumo.tabela_exemplo' doesn't exist
[2024-11-22 21:24:37] Erro na consulta: SQLSTATE[42S02]: Base table or view not found: 1146 Table 'desafio_resumo.tabela_exemplo' doesn't exist
[2024-11-22 21:24:37] Erro na consulta: SQLSTATE[42S02]: Base table or view not found: 1146 Table 'desafio_resumo.tabela_exemplo' doesn't exist
[2024-11-22 21:24:46] Erro na consulta: SQLSTATE[42S02]: Base table or view not found: 1146 Table 'desafio_resumo.tabela_exemplo' doesn't exist
[2024-11-22 21:24:53] Erro na consulta: SQLSTATE[42S02]: Base table or view not found: 1146 Table 'desafio_resumo.tabela_exemplo' doesn't exist
[2024-11-22 21:30:29] Erro na consulta: SQLSTATE[42S02]: Base table or view not found: 1146 Table 'desafio_resumo.tabela_exemplo' doesn't exist
[2024-11-22 21:49:20] Erro na consulta: SQLSTATE[42S02]: Base table or view not found: 1146 Table 'desafio_resumo.tabela_exemplo' doesn't exist
[2024-11-22 21:49:31] Erro na consulta: SQLSTATE[42S02]: Base table or view not found: 1146 Table 'desafio_resumo.tabela_exemplo' doesn't exist
[2024-11-22 22:04:57] Erro na consulta: SQLSTATE[42S02]: Base table or view not found: 1146 Table 'desafio_resumo.tabela_exemplo' doesn't exist
[2024-11-22 22:09:29] Erro na consulta: SQLSTATE[42S02]: Base table or view not found: 1146 Table 'desafio_resumo.tabela_exemplo' doesn't exist
[2024-11-22 22:14:19] Erro na consulta: SQLSTATE[42S02]: Base table or view not found: 1146 Table 'desafio_resumo.tabela_exemplo' doesn't exist
[2024-11-22 22:15:16] Erro na consulta: SQLSTATE[42S02]: Base table or view not found: 1146 Table 'desafio_resumo.tabela_exemplo' doesn't exist
[2024-11-22 22:15:19] Erro na consulta: SQLSTATE[42S02]: Base table or view not found: 1146 Table 'desafio_resumo.tabela_exemplo' doesn't exist
[2024-11-22 22:16:21] Erro na consulta: SQLSTATE[42S02]: Base table or view not found: 1146 Table 'desafio_resumo.tabela_exemplo' doesn't exist
[2024-11-22 22:16:52] Erro na consulta: SQLSTATE[42S02]: Base table or view not found: 1146 Table 'desafio_resumo.tabela_exemplo' doesn't exist
[2024-11-22 22:18:02] Erro na consulta: SQLSTATE[42S02]: Base table or view not found: 1146 Table 'desafio_resumo.tabela_exemplo' doesn't exist
[2024-11-22 22:19:04] Erro na consulta: SQLSTATE[42S02]: Base table or view not found: 1146 Table 'desafio_resumo.tabela_exemplo' doesn't exist
[2024-11-22 22:22:35] Erro na consulta: SQLSTATE[42S02]: Base table or view not found: 1146 Table 'desafio_resumo.tabela_exemplo' doesn't exist
[2024-11-22 22:23:07] Erro na consulta: SQLSTATE[42S02]: Base table or view not found: 1146 Table 'desafio_resumo.tabela_exemplo' doesn't exist
[2024-11-22 22:23:08] Erro na consulta: SQLSTATE[42S02]: Base table or view not found: 1146 Table 'desafio_resumo.tabela_exemplo' doesn't exist
[2024-11-22 22:23:50] Erro na consulta: SQLSTATE[42S02]: Base table or view not found: 1146 Table 'desafio_resumo.tabela_exemplo' doesn't exist
[2024-11-22 22:23:52] Erro na consulta: SQLSTATE[42S02]: Base table or view not found: 1146 Table 'desafio_resumo.tabela_exemplo' doesn't exist
[2024-11-22 22:24:09] Erro na consulta: SQLSTATE[42S02]: Base table or view not found: 1146 Table 'desafio_resumo.tabela_exemplo' doesn't exist
[2024-11-22 22:27:50] Erro na consulta: SQLSTATE[42S02]: Base table or view not found: 1146 Table 'desafio_resumo.tabela_exemplo' doesn't exist
[2024-11-22 22:28:11] Erro na consulta: SQLSTATE[42S02]: Base table or view not found: 1146 Table 'desafio_resumo.tabela_exemplo' doesn't exist
[2024-11-22 22:28:34] Erro na consulta: SQLSTATE[42S02]: Base table or view not found: 1146 Table 'desafio_resumo.tabela_exemplo' doesn't exist
[2024-11-22 22:36:28] Erro na consulta: SQLSTATE[42S02]: Base table or view not found: 1146 Table 'desafio_resumo.tabela_exemplo' doesn't exist
[2024-11-22 22:36:31] Erro na consulta: SQLSTATE[42S02]: Base table or view not found: 1146 Table 'desafio_resumo.tabela_exemplo' doesn't exist
[2024-11-22 22:36:36] Erro na consulta: SQLSTATE[42S02]: Base table or view not found: 1146 Table 'desafio_resumo.tabela_exemplo' doesn't exist
[2024-11-22 22:40:52] Erro na consulta: SQLSTATE[42S02]: Base table or view not found: 1146 Table 'desafio_resumo.tabela_exemplo' doesn't exist
[2024-11-22 22:47:31] Erro na consulta: SQLSTATE[42S02]: Base table or view not found: 1146 Table 'desafio_resumo.tabela_exemplo' doesn't exist
[2024-11-22 22:48:29] Erro na consulta: SQLSTATE[42S02]: Base table or view not found: 1146 Table 'desafio_resumo.tabela_exemplo' doesn't exist
[2024-11-22 22:50:11] Erro na consulta: SQLSTATE[42S02]: Base table or view not found: 1146 Table 'desafio_resumo.tabela_exemplo' doesn't exist
[2024-11-22 22:50:17] Erro na consulta: SQLSTATE[42S02]: Base table or view not found: 1146 Table 'desafio_resumo.tabela_exemplo' doesn't exist
[2024-11-22 22:50:25] Erro na consulta: SQLSTATE[42S02]: Base table or view not found: 1146 Table 'desafio_resumo.tabela_exemplo' doesn't exist
[2024-11-22 22:50:36] Erro na consulta: SQLSTATE[42S02]: Base table or view not found: 1146 Table 'desafio_resumo.tabela_exemplo' doesn't exist
[2024-11-22 22:50:41] Erro na consulta: SQLSTATE[42S02]: Base table or view not found: 1146 Table 'desafio_resumo.tabela_exemplo' doesn't exist
[2024-11-22 22:50:44] Erro na consulta: SQLSTATE[42S02]: Base table or view not found: 1146 Table 'desafio_resumo.tabela_exemplo' doesn't exist
[2024-11-22 22:50:52] Erro na consulta: SQLSTATE[42S02]: Base table or view not found: 1146 Table 'desafio_resumo.tabela_exemplo' doesn't exist
[2024-11-22 22:50:52] Erro na consulta: SQLSTATE[42S02]: Base table or view not found: 1146 Table 'desafio_resumo.tabela_exemplo' doesn't exist
[2024-11-22 22:50:57] Erro na consulta: SQLSTATE[42S02]: Base table or view not found: 1146 Table 'desafio_resumo.tabela_exemplo' doesn't exist
[2024-11-22 23:11:34] Erro na consulta: SQLSTATE[42S02]: Base table or view not found: 1146 Table 'desafio_resumo.tabela_exemplo' doesn't exist
[2024-11-22 23:15:29] Erro na consulta: SQLSTATE[42S02]: Base table or view not found: 1146 Table 'desafio_resumo.tabela_exemplo' doesn't exist
[2024-11-22 23:16:31] Erro na consulta: SQLSTATE[42S02]: Base table or view not found: 1146 Table 'desafio_resumo.tabela_exemplo' doesn't exist
[2024-11-22 23:20:33] Erro na consulta: SQLSTATE[42S02]: Base table or view not found: 1146 Table 'desafio_resumo.tabela_exemplo' doesn't exist
[2024-11-22 23:20:59] Erro na consulta: SQLSTATE[42S02]: Base table or view not found: 1146 Table 'desafio_resumo.tabela_exemplo' doesn't exist
[2024-11-22 23:21:10] Erro na consulta: SQLSTATE[42S02]: Base table or view not found: 1146 Table 'desafio_resumo.tabela_exemplo' doesn't exist
[2024-11-22 23:21:11] Erro na consulta: SQLSTATE[42S02]: Base table or view not found: 1146 Table 'desafio_resumo.tabela_exemplo' doesn't exist
[2024-11-22 23:21:12] Erro na consulta: SQLSTATE[42S02]: Base table or view not found: 1146 Table 'desafio_resumo.tabela_exemplo' doesn't exist
[2024-11-22 23:21:29] Erro na consulta: SQLSTATE[42S02]: Base table or view not found: 1146 Table 'desafio_resumo.tabela_exemplo' doesn't exist
[2024-11-22 23:21:30] Erro na consulta: SQLSTATE[42S02]: Base table or view not found: 1146 Table 'desafio_resumo.tabela_exemplo' doesn't exist
[2024-11-22 23:26:13] Erro na consulta: SQLSTATE[42S02]: Base table or view not found: 1146 Table 'desafio_resumo.tabela_exemplo' doesn't exist
[2024-11-22 23:26:49] Erro na consulta: SQLSTATE[42S02]: Base table or view not found: 1146 Table 'desafio_resumo.tabela_exemplo' doesn't exist
[2024-11-22 23:26:50] Erro na consulta: SQLSTATE[42S02]: Base table or view not found: 1146 Table 'desafio_resumo.tabela_exemplo' doesn't exist
[2024-11-22 23:26:52] Erro na consulta: SQLSTATE[42S02]: Base table or view not found: 1146 Table 'desafio_resumo.tabela_exemplo' doesn't exist
[2024-11-22 23:27:41] Erro na consulta: SQLSTATE[42S02]: Base table or view not found: 1146 Table 'desafio_resumo.tabela_exemplo' doesn't exist
[2024-11-22 23:27:42] Erro na consulta: SQLSTATE[42S02]: Base table or view not found: 1146 Table 'desafio_resumo.tabela_exemplo' doesn't exist
[2024-11-22 23:30:00] Erro na consulta: SQLSTATE[42S02]: Base table or view not found: 1146 Table 'desafio_resumo.tabela_exemplo' doesn't exist
[2024-11-22 23:30:46] Erro na consulta: SQLSTATE[42S02]: Base table or view not found: 1146 Table 'desafio_resumo.tabela_exemplo' doesn't exist
[2024-11-22 23:30:47] Erro na consulta: SQLSTATE[42S02]: Base table or view not found: 1146 Table 'desafio_resumo.tabela_exemplo' doesn't exist
[2024-11-22 23:31:02] Erro na consulta: SQLSTATE[42S02]: Base table or view not found: 1146 Table 'desafio_resumo.tabela_exemplo' doesn't exist
[2024-11-22 23:31:03] Erro na consulta: SQLSTATE[42S02]: Base table or view not found: 1146 Table 'desafio_resumo.tabela_exemplo' doesn't exist
[2024-11-22 23:31:11] Erro na consulta: SQLSTATE[42S02]: Base table or view not found: 1146 Table 'desafio_resumo.tabela_exemplo' doesn't exist
[2024-11-22 23:31:12] Erro na consulta: SQLSTATE[42S02]: Base table or view not found: 1146 Table 'desafio_resumo.tabela_exemplo' doesn't exist
[2024-11-22 23:31:13] Erro na consulta: SQLSTATE[42S02]: Base table or view not found: 1146 Table 'desafio_resumo.tabela_exemplo' doesn't exist
[2024-11-22 23:31:34] Erro na consulta: SQLSTATE[42S02]: Base table or view not found: 1146 Table 'desafio_resumo.tabela_exemplo' doesn't exist
[2024-11-22 23:31:35] Erro na consulta: SQLSTATE[42S02]: Base table or view not found: 1146 Table 'desafio_resumo.tabela_exemplo' doesn't exist
[2024-11-22 23:31:58] Erro na consulta: SQLSTATE[42S02]: Base table or view not found: 1146 Table 'desafio_resumo.tabela_exemplo' doesn't exist
[2024-11-22 23:31:59] Erro na consulta: SQLSTATE[42S02]: Base table or view not found: 1146 Table 'desafio_resumo.tabela_exemplo' doesn't exist
[2024-11-22 23:32:00] Erro na consulta: SQLSTATE[42S02]: Base table or view not found: 1146 Table 'desafio_resumo.tabela_exemplo' doesn't exist
[2024-11-22 23:32:01] Erro na consulta: SQLSTATE[42S02]: Base table or view not found: 1146 Table 'desafio_resumo.tabela_exemplo' doesn't exist
[2024-11-22 23:32:02] Erro na consulta: SQLSTATE[42S02]: Base table or view not found: 1146 Table 'desafio_resumo.tabela_exemplo' doesn't exist
[2024-11-22 23:32:09] Erro na consulta: SQLSTATE[42S02]: Base table or view not found: 1146 Table 'desafio_resumo.tabela_exemplo' doesn't exist
[2024-11-22 23:32:10] Erro na consulta: SQLSTATE[42S02]: Base table or view not found: 1146 Table 'desafio_resumo.tabela_exemplo' doesn't exist
[2024-11-22 23:32:20] Erro na consulta: SQLSTATE[42S02]: Base table or view not found: 1146 Table 'desafio_resumo.tabela_exemplo' doesn't exist
[2024-11-22 23:32:21] Erro na consulta: SQLSTATE[42S02]: Base table or view not found: 1146 Table 'desafio_resumo.tabela_exemplo' doesn't exist
[2024-11-22 23:32:21] Erro na consulta: SQLSTATE[42S02]: Base table or view not found: 1146 Table 'desafio_resumo.tabela_exemplo' doesn't exist
[2024-11-22 23:32:22] Erro na consulta: SQLSTATE[42S02]: Base table or view not found: 1146 Table 'desafio_resumo.tabela_exemplo' doesn't exist
[2024-11-22 23:32:46] Erro na consulta: SQLSTATE[42S02]: Base table or view not found: 1146 Table 'desafio_resumo.tabela_exemplo' doesn't exist
[2024-11-22 23:32:47] Erro na consulta: SQLSTATE[42S02]: Base table or view not found: 1146 Table 'desafio_resumo.tabela_exemplo' doesn't exist
[2024-11-22 23:32:48] Erro na consulta: SQLSTATE[42S02]: Base table or view not found: 1146 Table 'desafio_resumo.tabela_exemplo' doesn't exist
[2024-11-22 23:32:58] Erro na consulta: SQLSTATE[42S02]: Base table or view not found: 1146 Table 'desafio_resumo.tabela_exemplo' doesn't exist
[2024-11-22 23:32:59] Erro na consulta: SQLSTATE[42S02]: Base table or view not found: 1146 Table 'desafio_resumo.tabela_exemplo' doesn't exist
[2024-11-22 23:32:59] Erro na consulta: SQLSTATE[42S02]: Base table or view not found: 1146 Table 'desafio_resumo.tabela_exemplo' doesn't exist
[2024-11-22 23:33:17] Erro na consulta: SQLSTATE[42S02]: Base table or view not found: 1146 Table 'desafio_resumo.tabela_exemplo' doesn't exist
[2024-11-22 23:33:17] Erro na consulta: SQLSTATE[42S02]: Base table or view not found: 1146 Table 'desafio_resumo.tabela_exemplo' doesn't exist
[2024-11-22 23:33:18] Erro na consulta: SQLSTATE[42S02]: Base table or view not found: 1146 Table 'desafio_resumo.tabela_exemplo' doesn't exist
[2024-11-22 23:33:20] Erro na consulta: SQLSTATE[42S02]: Base table or view not found: 1146 Table 'desafio_resumo.tabela_exemplo' doesn't exist
[2024-11-22 23:34:01] Erro na consulta: SQLSTATE[42S02]: Base table or view not found: 1146 Table 'desafio_resumo.tabela_exemplo' doesn't exist
[2024-11-22 23:34:02] Erro na consulta: SQLSTATE[42S02]: Base table or view not found: 1146 Table 'desafio_resumo.tabela_exemplo' doesn't exist
[2024-11-22 23:34:03] Erro na consulta: SQLSTATE[42S02]: Base table or view not found: 1146 Table 'desafio_resumo.tabela_exemplo' doesn't exist
[2024-11-22 23:34:35] Erro na consulta: SQLSTATE[42S02]: Base table or view not found: 1146 Table 'desafio_resumo.tabela_exemplo' doesn't exist
[2024-11-22 23:39:59] Erro na consulta: SQLSTATE[42S02]: Base table or view not found: 1146 Table 'desafio_resumo.tabela_exemplo' doesn't exist
[2024-11-22 23:40:05] Erro na consulta: SQLSTATE[42S02]: Base table or view not found: 1146 Table 'desafio_resumo.tabela_exemplo' doesn't exist
[2024-11-22 23:40:18] Erro na consulta: SQLSTATE[42S02]: Base table or view not found: 1146 Table 'desafio_resumo.tabela_exemplo' doesn't exist
[2024-11-22 23:41:42] Erro na consulta: SQLSTATE[42S02]: Base table or view not found: 1146 Table 'desafio_resumo.tabela_exemplo' doesn't exist
[2024-11-22 23:41:44] Erro na consulta: SQLSTATE[42S02]: Base table or view not found: 1146 Table 'desafio_resumo.tabela_exemplo' doesn't exist
[2024-11-22 23:47:07] Erro na consulta: SQLSTATE[42S02]: Base table or view not found: 1146 Table 'desafio_resumo.tabela_exemplo' doesn't exist
[2024-11-22 23:47:11] Erro na consulta: SQLSTATE[42S02]: Base table or view not found: 1146 Table 'desafio_resumo.tabela_exemplo' doesn't exist
[2024-11-22 23:47:13] Erro na consulta: SQLSTATE[42S02]: Base table or view not found: 1146 Table 'desafio_resumo.tabela_exemplo' doesn't exist
[2024-11-22 23:47:41] Erro na consulta: SQLSTATE[42S02]: Base table or view not found: 1146 Table 'desafio_resumo.tabela_exemplo' doesn't exist
[2024-11-22 23:47:53] Erro na consulta: SQLSTATE[42S02]: Base table or view not found: 1146 Table 'desafio_resumo.tabela_exemplo' doesn't exist
[2024-11-22 23:48:08] Erro na consulta: SQLSTATE[42S02]: Base table or view not found: 1146 Table 'desafio_resumo.tabela_exemplo' doesn't exist
[2024-11-22 23:48:12] Erro na consulta: SQLSTATE[42S02]: Base table or view not found: 1146 Table 'desafio_resumo.tabela_exemplo' doesn't exist
[2024-11-22 23:48:20] Erro na consulta: SQLSTATE[42S02]: Base table or view not found: 1146 Table 'desafio_resumo.tabela_exemplo' doesn't exist
[2024-11-22 23:48:20] Erro na consulta: SQLSTATE[42S02]: Base table or view not found: 1146 Table 'desafio_resumo.tabela_exemplo' doesn't exist
[2024-11-22 23:48:31] Erro na consulta: SQLSTATE[42S02]: Base table or view not found: 1146 Table 'desafio_resumo.tabela_exemplo' doesn't exist
[2024-11-22 23:51:28] Erro na consulta: SQLSTATE[42S02]: Base table or view not found: 1146 Table 'desafio_resumo.tabela_exemplo' doesn't exist
[2024-11-22 23:51:46] Erro na consulta: SQLSTATE[42S02]: Base table or view not found: 1146 Table 'desafio_resumo.tabela_exemplo' doesn't exist
[2024-11-22 23:51:48] Erro na consulta: SQLSTATE[42S02]: Base table or view not found: 1146 Table 'desafio_resumo.tabela_exemplo' doesn't exist
[2024-11-22 23:52:32] Erro na consulta: SQLSTATE[42S02]: Base table or view not found: 1146 Table 'desafio_resumo.tabela_exemplo' doesn't exist
[2024-11-22 23:52:33] Erro na consulta: SQLSTATE[42S02]: Base table or view not found: 1146 Table 'desafio_resumo.tabela_exemplo' doesn't exist
[2024-11-22 23:52:54] Erro na consulta: SQLSTATE[42S02]: Base table or view not found: 1146 Table 'desafio_resumo.tabela_exemplo' doesn't exist
[2024-11-22 23:54:22] Erro na consulta: SQLSTATE[42S02]: Base table or view not found: 1146 Table 'desafio_resumo.tabela_exemplo' doesn't exist
[2024-11-22 23:54:35] Erro na consulta: SQLSTATE[42S02]: Base table or view not found: 1146 Table 'desafio_resumo.tabela_exemplo' doesn't exist
[2024-11-22 23:57:34] Erro na consulta: SQLSTATE[42S02]: Base table or view not found: 1146 Table 'desafio_resumo.tabela_exemplo' doesn't exist
[2024-11-22 23:57:53] Erro na consulta: SQLSTATE[42S02]: Base table or view not found: 1146 Table 'desafio_resumo.tabela_exemplo' doesn't exist
[2024-11-22 23:58:23] Erro na consulta: SQLSTATE[42S02]: Base table or view not found: 1146 Table 'desafio_resumo.tabela_exemplo' doesn't exist
[2024-11-22 23:58:59] Erro na consulta: SQLSTATE[42S02]: Base table or view not found: 1146 Table 'desafio_resumo.tabela_exemplo' doesn't exist
[2024-11-23 00:00:04] Erro na consulta: SQLSTATE[42S02]: Base table or view not found: 1146 Table 'desafio_resumo.tabela_exemplo' doesn't exist
[2024-11-23 00:00:50] Erro na consulta: SQLSTATE[42S02]: Base table or view not found: 1146 Table 'desafio_resumo.tabela_exemplo' doesn't exist
[2024-11-23 00:01:12] Erro na consulta: SQLSTATE[42S02]: Base table or view not found: 1146 Table 'desafio_resumo.tabela_exemplo' doesn't exist
[2024-11-23 00:01:13] Erro na consulta: SQLSTATE[42S02]: Base table or view not found: 1146 Table 'desafio_resumo.tabela_exemplo' doesn't exist
[2024-11-23 00:01:15] Erro na consulta: SQLSTATE[42S02]: Base table or view not found: 1146 Table 'desafio_resumo.tabela_exemplo' doesn't exist
[2024-11-23 00:01:23] Erro na consulta: SQLSTATE[42S02]: Base table or view not found: 1146 Table 'desafio_resumo.tabela_exemplo' doesn't exist
[2024-11-23 00:01:45] Erro na consulta: SQLSTATE[42S02]: Base table or view not found: 1146 Table 'desafio_resumo.tabela_exemplo' doesn't exist
[2024-11-23 00:01:47] Erro na consulta: SQLSTATE[42S02]: Base table or view not found: 1146 Table 'desafio_resumo.tabela_exemplo' doesn't exist
[2024-11-23 00:01:55] Erro na consulta: SQLSTATE[42S02]: Base table or view not found: 1146 Table 'desafio_resumo.tabela_exemplo' doesn't exist
[2024-11-23 00:01:55] Erro na consulta: SQLSTATE[42S02]: Base table or view not found: 1146 Table 'desafio_resumo.tabela_exemplo' doesn't exist
[2024-11-23 00:02:02] Erro na consulta: SQLSTATE[42S02]: Base table or view not found: 1146 Table 'desafio_resumo.tabela_exemplo' doesn't exist
[2024-11-23 00:02:22] Erro na consulta: SQLSTATE[42S02]: Base table or view not found: 1146 Table 'desafio_resumo.tabela_exemplo' doesn't exist
[2024-11-23 00:02:28] Erro na consulta: SQLSTATE[42S02]: Base table or view not found: 1146 Table 'desafio_resumo.tabela_exemplo' doesn't exist
[2024-11-23 00:02:29] Erro na consulta: SQLSTATE[42S02]: Base table or view not found: 1146 Table 'desafio_resumo.tabela_exemplo' doesn't exist
[2024-11-23 00:02:34] Erro na consulta: SQLSTATE[42S02]: Base table or view not found: 1146 Table 'desafio_resumo.tabela_exemplo' doesn't exist
[2024-11-23 00:09:29] Erro na consulta: SQLSTATE[42S02]: Base table or view not found: 1146 Table 'desafio_resumo.tabela_exemplo' doesn't exist
[2024-11-23 00:09:56] Erro na consulta: SQLSTATE[42S02]: Base table or view not found: 1146 Table 'desafio_resumo.tabela_exemplo' doesn't exist
[2024-11-23 00:10:11] Erro na consulta: SQLSTATE[42S02]: Base table or view not found: 1146 Table 'desafio_resumo.tabela_exemplo' doesn't exist
[2024-11-23 00:10:24] Erro na consulta: SQLSTATE[42S02]: Base table or view not found: 1146 Table 'desafio_resumo.tabela_exemplo' doesn't exist
[2024-11-23 00:10:37] Erro na consulta: SQLSTATE[42S02]: Base table or view not found: 1146 Table 'desafio_resumo.tabela_exemplo' doesn't exist
[2024-11-23 00:11:37] Erro na consulta: SQLSTATE[42S02]: Base table or view not found: 1146 Table 'desafio_resumo.tabela_exemplo' doesn't exist
[2024-11-23 00:12:37] Erro na consulta: SQLSTATE[42S02]: Base table or view not found: 1146 Table 'desafio_resumo.tabela_exemplo' doesn't exist
[2024-11-23 00:12:39] Erro na consulta: SQLSTATE[42S02]: Base table or view not found: 1146 Table 'desafio_resumo.tabela_exemplo' doesn't exist
[2024-11-23 00:13:11] Erro na consulta: SQLSTATE[42S02]: Base table or view not found: 1146 Table 'desafio_resumo.tabela_exemplo' doesn't exist
[2024-11-23 00:13:47] Erro na consulta: SQLSTATE[42S02]: Base table or view not found: 1146 Table 'desafio_resumo.tabela_exemplo' doesn't exist
[2024-11-23 00:13:59] Erro na consulta: SQLSTATE[42S02]: Base table or view not found: 1146 Table 'desafio_resumo.tabela_exemplo' doesn't exist
[2024-11-23 00:14:38] Erro na consulta: SQLSTATE[42S02]: Base table or view not found: 1146 Table 'desafio_resumo.tabela_exemplo' doesn't exist
[2024-11-23 00:14:40] Erro na consulta: SQLSTATE[42S02]: Base table or view not found: 1146 Table 'desafio_resumo.tabela_exemplo' doesn't exist
[2024-11-23 00:14:43] Erro na consulta: SQLSTATE[42S02]: Base table or view not found: 1146 Table 'desafio_resumo.tabela_exemplo' doesn't exist
[2024-11-23 00:14:58] Erro na consulta: SQLSTATE[42S02]: Base table or view not found: 1146 Table 'desafio_resumo.tabela_exemplo' doesn't exist
[2024-11-23 00:15:05] Erro na consulta: SQLSTATE[42S02]: Base table or view not found: 1146 Table 'desafio_resumo.tabela_exemplo' doesn't exist
[2024-11-23 00:15:08] Erro na consulta: SQLSTATE[42S02]: Base table or view not found: 1146 Table 'desafio_resumo.tabela_exemplo' doesn't exist
[2024-11-23 00:15:57] Erro na consulta: SQLSTATE[42S02]: Base table or view not found: 1146 Table 'desafio_resumo.tabela_exemplo' doesn't exist
[2024-11-23 00:15:59] Erro na consulta: SQLSTATE[42S02]: Base table or view not found: 1146 Table 'desafio_resumo.tabela_exemplo' doesn't exist
[2024-11-23 00:16:02] Erro na consulta: SQLSTATE[42S02]: Base table or view not found: 1146 Table 'desafio_resumo.tabela_exemplo' doesn't exist
[2024-11-23 00:16:09] Erro na consulta: SQLSTATE[42S02]: Base table or view not found: 1146 Table 'desafio_resumo.tabela_exemplo' doesn't exist
[2024-11-23 00:17:16] Erro na consulta: SQLSTATE[42S02]: Base table or view not found: 1146 Table 'desafio_resumo.tabela_exemplo' doesn't exist
[2024-11-23 00:17:19] Erro na consulta: SQLSTATE[42S02]: Base table or view not found: 1146 Table 'desafio_resumo.tabela_exemplo' doesn't exist
[2024-11-23 00:17:21] Erro na consulta: SQLSTATE[42S02]: Base table or view not found: 1146 Table 'desafio_resumo.tabela_exemplo' doesn't exist
[2024-11-23 00:18:27] Erro na consulta: SQLSTATE[42S02]: Base table or view not found: 1146 Table 'desafio_resumo.tabela_exemplo' doesn't exist
[2024-11-23 00:18:55] Erro na consulta: SQLSTATE[42S02]: Base table or view not found: 1146 Table 'desafio_resumo.tabela_exemplo' doesn't exist
[2024-11-23 00:18:59] Erro na consulta: SQLSTATE[42S02]: Base table or view not found: 1146 Table 'desafio_resumo.tabela_exemplo' doesn't exist
[2024-11-23 00:19:03] Erro na consulta: SQLSTATE[42S02]: Base table or view not found: 1146 Table 'desafio_resumo.tabela_exemplo' doesn't exist
[2024-11-23 00:22:32] Erro na consulta: SQLSTATE[42S02]: Base table or view not found: 1146 Table 'desafio_resumo.tabela_exemplo' doesn't exist
[2024-11-23 00:23:20] Erro na consulta: SQLSTATE[42S02]: Base table or view not found: 1146 Table 'desafio_resumo.tabela_exemplo' doesn't exist
[2024-11-23 00:25:25] Erro na consulta: SQLSTATE[42S02]: Base table or view not found: 1146 Table 'desafio_resumo.tabela_exemplo' doesn't exist
[2024-11-23 00:25:31] Erro na consulta: SQLSTATE[42S02]: Base table or view not found: 1146 Table 'desafio_resumo.tabela_exemplo' doesn't exist
[2024-11-23 00:27:21] Erro na consulta: SQLSTATE[42S02]: Base table or view not found: 1146 Table 'desafio_resumo.tabela_exemplo' doesn't exist
[2024-11-23 00:29:09] Erro na consulta: SQLSTATE[42S02]: Base table or view not found: 1146 Table 'desafio_resumo.tabela_exemplo' doesn't exist
[2024-11-23 00:29:11] Erro na consulta: SQLSTATE[42S02]: Base table or view not found: 1146 Table 'desafio_resumo.tabela_exemplo' doesn't exist
[2024-11-23 00:29:20] Erro na consulta: SQLSTATE[42S02]: Base table or view not found: 1146 Table 'desafio_resumo.tabela_exemplo' doesn't exist
[2024-11-23 00:29:20] Erro na consulta: SQLSTATE[42S02]: Base table or view not found: 1146 Table 'desafio_resumo.tabela_exemplo' doesn't exist
[2024-11-23 00:29:33] Erro na consulta: SQLSTATE[42S02]: Base table or view not found: 1146 Table 'desafio_resumo.tabela_exemplo' doesn't exist
[2024-11-23 00:29:41] Erro na consulta: SQLSTATE[42S02]: Base table or view not found: 1146 Table 'desafio_resumo.tabela_exemplo' doesn't exist
[2024-11-23 12:30:34] Erro na consulta: SQLSTATE[42S02]: Base table or view not found: 1146 Table 'desafio_resumo.tabela_exemplo' doesn't exist
[2024-11-23 12:32:35] Erro na consulta: SQLSTATE[42S02]: Base table or view not found: 1146 Table 'desafio_resumo.tabela_exemplo' doesn't exist
[2024-11-23 12:32:36] Erro na consulta: SQLSTATE[42S02]: Base table or view not found: 1146 Table 'desafio_resumo.tabela_exemplo' doesn't exist
[2024-11-23 12:32:38] Erro na consulta: SQLSTATE[42S02]: Base table or view not found: 1146 Table 'desafio_resumo.tabela_exemplo' doesn't exist
[2024-11-23 12:32:38] Erro na consulta: SQLSTATE[42S02]: Base table or view not found: 1146 Table 'desafio_resumo.tabela_exemplo' doesn't exist
[2024-11-23 12:33:08] Erro na consulta: SQLSTATE[42S02]: Base table or view not found: 1146 Table 'desafio_resumo.tabela_exemplo' doesn't exist
[2024-11-23 12:35:44] Erro na consulta: SQLSTATE[42S02]: Base table or view not found: 1146 Table 'desafio_resumo.tabela_exemplo' doesn't exist
[2024-11-23 12:58:40] Erro na consulta: SQLSTATE[42S02]: Base table or view not found: 1146 Table 'desafio_resumo.tabela_exemplo' doesn't exist
[2024-11-23 13:00:25] Erro na consulta: SQLSTATE[42S02]: Base table or view not found: 1146 Table 'desafio_resumo.tabela_exemplo' doesn't exist
[2024-11-23 13:01:19] Erro na consulta: SQLSTATE[42S02]: Base table or view not found: 1146 Table 'desafio_resumo.tabela_exemplo' doesn't exist
[2024-11-23 13:03:38] Erro na consulta: SQLSTATE[42S02]: Base table or view not found: 1146 Table 'desafio_resumo.tabela_exemplo' doesn't exist
[2024-11-23 13:04:38] Erro na consulta: SQLSTATE[42S02]: Base table or view not found: 1146 Table 'desafio_resumo.tabela_exemplo' doesn't exist
[2024-11-23 13:06:53] Erro na consulta: SQLSTATE[42S02]: Base table or view not found: 1146 Table 'desafio_resumo.tabela_exemplo' doesn't exist
[2024-11-23 13:07:32] Erro na consulta: SQLSTATE[42S02]: Base table or view not found: 1146 Table 'desafio_resumo.tabela_exemplo' doesn't exist
[2024-11-23 13:08:27] Erro na consulta: SQLSTATE[42S02]: Base table or view not found: 1146 Table 'desafio_resumo.tabela_exemplo' doesn't exist
[2024-11-23 13:09:25] Erro na consulta: SQLSTATE[42S02]: Base table or view not found: 1146 Table 'desafio_resumo.tabela_exemplo' doesn't exist
[2024-11-23 13:26:02] Erro na consulta: SQLSTATE[42S02]: Base table or view not found: 1146 Table 'desafio_resumo.tabela_exemplo' doesn't exist
[2024-11-23 13:32:20] Erro na consulta: SQLSTATE[42S02]: Base table or view not found: 1146 Table 'desafio_resumo.tabela_exemplo' doesn't exist
[2024-11-23 13:36:02] Erro na consulta: SQLSTATE[42S02]: Base table or view not found: 1146 Table 'desafio_resumo.tabela_exemplo' doesn't exist
[2024-11-23 13:42:02] Erro na consulta: SQLSTATE[42S02]: Base table or view not found: 1146 Table 'desafio_resumo.tabela_exemplo' doesn't exist
[2024-11-23 13:47:58] Erro na consulta: SQLSTATE[42S02]: Base table or view not found: 1146 Table 'desafio_resumo.tabela_exemplo' doesn't exist
[2024-11-23 13:49:01] Erro na consulta: SQLSTATE[42S02]: Base table or view not found: 1146 Table 'desafio_resumo.tabela_exemplo' doesn't exist
[2024-11-23 13:49:14] Erro na consulta: SQLSTATE[42S02]: Base table or view not found: 1146 Table 'desafio_resumo.tabela_exemplo' doesn't exist
[2024-11-23 13:49:14] Erro na consulta: SQLSTATE[42S02]: Base table or view not found: 1146 Table 'desafio_resumo.tabela_exemplo' doesn't exist
[2024-11-23 13:49:49] Erro na consulta: SQLSTATE[42S02]: Base table or view not found: 1146 Table 'desafio_resumo.tabela_exemplo' doesn't exist
[2024-11-23 13:51:07] Erro na consulta: SQLSTATE[42S02]: Base table or view not found: 1146 Table 'desafio_resumo.tabela_exemplo' doesn't exist
[2024-11-23 13:51:09] Erro na consulta: SQLSTATE[42S02]: Base table or view not found: 1146 Table 'desafio_resumo.tabela_exemplo' doesn't exist
[2024-11-23 13:52:50] Erro na consulta: SQLSTATE[42S02]: Base table or view not found: 1146 Table 'desafio_resumo.tabela_exemplo' doesn't exist
[2024-11-23 13:53:55] Erro na consulta: SQLSTATE[42S02]: Base table or view not found: 1146 Table 'desafio_resumo.tabela_exemplo' doesn't exist
[2024-11-23 13:53:57] Erro na consulta: SQLSTATE[42S02]: Base table or view not found: 1146 Table 'desafio_resumo.tabela_exemplo' doesn't exist
[2024-11-23 13:53:58] Erro na consulta: SQLSTATE[42S02]: Base table or view not found: 1146 Table 'desafio_resumo.tabela_exemplo' doesn't exist
[2024-11-23 13:54:58] Erro na consulta: SQLSTATE[42S02]: Base table or view not found: 1146 Table 'desafio_resumo.tabela_exemplo' doesn't exist
[2024-11-23 13:58:54] Erro na consulta: SQLSTATE[42S02]: Base table or view not found: 1146 Table 'desafio_resumo.tabela_exemplo' doesn't exist
[2024-11-23 13:59:05] Erro na consulta: SQLSTATE[42S02]: Base table or view not found: 1146 Table 'desafio_resumo.tabela_exemplo' doesn't exist
[2024-11-23 14:03:55] Erro na consulta: SQLSTATE[42S02]: Base table or view not found: 1146 Table 'desafio_resumo.tabela_exemplo' doesn't exist
[2024-11-23 14:07:51] Erro na consulta: SQLSTATE[42S02]: Base table or view not found: 1146 Table 'desafio_resumo.tabela_exemplo' doesn't exist
[2024-11-23 14:10:24] Erro na consulta: SQLSTATE[42S02]: Base table or view not found: 1146 Table 'desafio_resumo.tabela_exemplo' doesn't exist
[2024-11-23 14:10:32] Erro na consulta: SQLSTATE[42S02]: Base table or view not found: 1146 Table 'desafio_resumo.tabela_exemplo' doesn't exist
[2024-11-23 14:10:35] Erro na consulta: SQLSTATE[42S02]: Base table or view not found: 1146 Table 'desafio_resumo.tabela_exemplo' doesn't exist
[2024-11-23 14:10:49] Erro na consulta: SQLSTATE[42S02]: Base table or view not found: 1146 Table 'desafio_resumo.tabela_exemplo' doesn't exist
[2024-11-23 14:10:49] Erro na consulta: SQLSTATE[42S02]: Base table or view not found: 1146 Table 'desafio_resumo.tabela_exemplo' doesn't exist
[2024-11-23 14:12:06] Erro na consulta: SQLSTATE[42S02]: Base table or view not found: 1146 Table 'desafio_resumo.tabela_exemplo' doesn't exist
[2024-11-23 14:12:34] Erro na consulta: SQLSTATE[42S02]: Base table or view not found: 1146 Table 'desafio_resumo.tabela_exemplo' doesn't exist
[2024-11-23 14:12:36] Erro na consulta: SQLSTATE[42S02]: Base table or view not found: 1146 Table 'desafio_resumo.tabela_exemplo' doesn't exist
[2024-11-23 14:12:49] Erro na consulta: SQLSTATE[42S02]: Base table or view not found: 1146 Table 'desafio_resumo.tabela_exemplo' doesn't exist
[2024-11-23 14:12:49] Erro na consulta: SQLSTATE[42S02]: Base table or view not found: 1146 Table 'desafio_resumo.tabela_exemplo' doesn't exist
[2024-11-23 14:13:32] Erro na consulta: SQLSTATE[42S02]: Base table or view not found: 1146 Table 'desafio_resumo.tabela_exemplo' doesn't exist
[2024-11-23 14:13:45] Erro na consulta: SQLSTATE[42S02]: Base table or view not found: 1146 Table 'desafio_resumo.tabela_exemplo' doesn't exist
[2024-11-23 14:16:34] Erro na consulta: SQLSTATE[42S02]: Base table or view not found: 1146 Table 'desafio_resumo.tabela_exemplo' doesn't exist
[2024-11-23 14:18:35] Erro na consulta: SQLSTATE[42S02]: Base table or view not found: 1146 Table 'desafio_resumo.tabela_exemplo' doesn't exist
[2024-11-23 14:21:00] Erro na consulta: SQLSTATE[42S02]: Base table or view not found: 1146 Table 'desafio_resumo.tabela_exemplo' doesn't exist
[2024-11-23 14:22:56] Erro na consulta: SQLSTATE[42S02]: Base table or view not found: 1146 Table 'desafio_resumo.tabela_exemplo' doesn't exist
[2024-11-23 14:25:21] Erro na consulta: SQLSTATE[42S02]: Base table or view not found: 1146 Table 'desafio_resumo.tabela_exemplo' doesn't exist
[2024-11-23 14:27:41] Erro na consulta: SQLSTATE[42S02]: Base table or view not found: 1146 Table 'desafio_resumo.tabela_exemplo' doesn't exist
[2024-11-23 14:31:28] Erro na consulta: SQLSTATE[42S02]: Base table or view not found: 1146 Table 'desafio_resumo.tabela_exemplo' doesn't exist
[2024-11-23 14:34:20] Erro na consulta: SQLSTATE[42S02]: Base table or view not found: 1146 Table 'desafio_resumo.tabela_exemplo' doesn't exist
[2024-11-23 14:36:22] Erro na consulta: SQLSTATE[42S02]: Base table or view not found: 1146 Table 'desafio_resumo.tabela_exemplo' doesn't exist
[2024-11-23 14:36:45] Erro na consulta: SQLSTATE[42S02]: Base table or view not found: 1146 Table 'desafio_resumo.tabela_exemplo' doesn't exist
[2024-11-23 14:36:57] Erro na consulta: SQLSTATE[42S02]: Base table or view not found: 1146 Table 'desafio_resumo.tabela_exemplo' doesn't exist
[2024-11-23 14:36:58] Erro na consulta: SQLSTATE[42S02]: Base table or view not found: 1146 Table 'desafio_resumo.tabela_exemplo' doesn't exist
[2024-11-23 14:37:07] Erro na consulta: SQLSTATE[42S02]: Base table or view not found: 1146 Table 'desafio_resumo.tabela_exemplo' doesn't exist
[2024-11-23 14:37:14] Erro na consulta: SQLSTATE[42S02]: Base table or view not found: 1146 Table 'desafio_resumo.tabela_exemplo' doesn't exist
[2024-11-23 14:37:27] Erro na consulta: SQLSTATE[42S02]: Base table or view not found: 1146 Table 'desafio_resumo.tabela_exemplo' doesn't exist
[2024-11-23 14:37:38] Erro na consulta: SQLSTATE[42S02]: Base table or view not found: 1146 Table 'desafio_resumo.tabela_exemplo' doesn't exist
[2024-11-23 14:41:44] Erro na consulta: SQLSTATE[42S02]: Base table or view not found: 1146 Table 'desafio_resumo.tabela_exemplo' doesn't exist
[2024-11-23 14:43:21] Erro na consulta: SQLSTATE[42S02]: Base table or view not found: 1146 Table 'desafio_resumo.tabela_exemplo' doesn't exist
[2024-11-23 14:43:22] Erro na consulta: SQLSTATE[42S02]: Base table or view not found: 1146 Table 'desafio_resumo.tabela_exemplo' doesn't exist
[2024-11-23 14:45:05] Erro na consulta: SQLSTATE[42S02]: Base table or view not found: 1146 Table 'desafio_resumo.tabela_exemplo' doesn't exist
[2024-11-23 14:45:16] Erro na consulta: SQLSTATE[42S02]: Base table or view not found: 1146 Table 'desafio_resumo.tabela_exemplo' doesn't exist
[2024-11-23 14:50:24] Erro na consulta: SQLSTATE[42S02]: Base table or view not found: 1146 Table 'desafio_resumo.tabela_exemplo' doesn't exist
[2024-11-23 14:51:14] Erro na consulta: SQLSTATE[42S02]: Base table or view not found: 1146 Table 'desafio_resumo.tabela_exemplo' doesn't exist
[2024-11-23 14:56:34] Erro na consulta: SQLSTATE[42S02]: Base table or view not found: 1146 Table 'desafio_resumo.tabela_exemplo' doesn't exist
[2024-11-23 14:56:44] Erro na consulta: SQLSTATE[42S02]: Base table or view not found: 1146 Table 'desafio_resumo.tabela_exemplo' doesn't exist
[2024-11-23 14:56:44] Erro na consulta: SQLSTATE[42S02]: Base table or view not found: 1146 Table 'desafio_resumo.tabela_exemplo' doesn't exist
[2024-11-23 14:56:54] Erro na consulta: SQLSTATE[42S02]: Base table or view not found: 1146 Table 'desafio_resumo.tabela_exemplo' doesn't exist
[2024-11-23 14:56:54] Erro na consulta: SQLSTATE[42S02]: Base table or view not found: 1146 Table 'desafio_resumo.tabela_exemplo' doesn't exist
[2024-11-23 14:59:38] Erro na consulta: SQLSTATE[42S02]: Base table or view not found: 1146 Table 'desafio_resumo.tabela_exemplo' doesn't exist
[2024-11-23 14:59:40] Erro na consulta: SQLSTATE[42S02]: Base table or view not found: 1146 Table 'desafio_resumo.tabela_exemplo' doesn't exist
[2024-11-23 15:02:59] Erro na consulta: SQLSTATE[42S02]: Base table or view not found: 1146 Table 'desafio_resumo.tabela_exemplo' doesn't exist
[2024-11-23 15:03:04] Erro na consulta: SQLSTATE[42S02]: Base table or view not found: 1146 Table 'desafio_resumo.tabela_exemplo' doesn't exist
[2024-11-23 15:03:20] Erro na consulta: SQLSTATE[42S02]: Base table or view not found: 1146 Table 'desafio_resumo.tabela_exemplo' doesn't exist
[2024-11-23 15:03:33] Erro na consulta: SQLSTATE[42S02]: Base table or view not found: 1146 Table 'desafio_resumo.tabela_exemplo' doesn't exist
[2024-11-23 15:03:57] Erro na consulta: SQLSTATE[42S02]: Base table or view not found: 1146 Table 'desafio_resumo.tabela_exemplo' doesn't exist
[2024-11-23 15:05:02] Erro na consulta: SQLSTATE[42S02]: Base table or view not found: 1146 Table 'desafio_resumo.tabela_exemplo' doesn't exist
[2024-11-23 15:05:08] Erro na consulta: SQLSTATE[42S02]: Base table or view not found: 1146 Table 'desafio_resumo.tabela_exemplo' doesn't exist
[2024-11-23 15:06:19] Erro na consulta: SQLSTATE[42S02]: Base table or view not found: 1146 Table 'desafio_resumo.tabela_exemplo' doesn't exist
[2024-11-23 15:07:33] Erro na consulta: SQLSTATE[42S02]: Base table or view not found: 1146 Table 'desafio_resumo.tabela_exemplo' doesn't exist
[2024-11-23 15:07:54] Erro na consulta: SQLSTATE[42S02]: Base table or view not found: 1146 Table 'desafio_resumo.tabela_exemplo' doesn't exist
[2024-11-23 15:07:57] Erro na consulta: SQLSTATE[42S02]: Base table or view not found: 1146 Table 'desafio_resumo.tabela_exemplo' doesn't exist
[2024-11-23 15:08:14] Erro na consulta: SQLSTATE[42S02]: Base table or view not found: 1146 Table 'desafio_resumo.tabela_exemplo' doesn't exist
[2024-11-23 15:08:14] Erro na consulta: SQLSTATE[42S02]: Base table or view not found: 1146 Table 'desafio_resumo.tabela_exemplo' doesn't exist
[2024-11-23 15:08:26] Erro na consulta: SQLSTATE[42S02]: Base table or view not found: 1146 Table 'desafio_resumo.tabela_exemplo' doesn't exist
[2024-11-23 15:08:44] Erro na consulta: SQLSTATE[42S02]: Base table or view not found: 1146 Table 'desafio_resumo.tabela_exemplo' doesn't exist
[2024-11-23 15:08:55] Erro na consulta: SQLSTATE[42S02]: Base table or view not found: 1146 Table 'desafio_resumo.tabela_exemplo' doesn't exist
[2024-11-23 15:09:08] Erro na consulta: SQLSTATE[42S02]: Base table or view not found: 1146 Table 'desafio_resumo.tabela_exemplo' doesn't exist
[2024-11-23 15:09:08] Erro na consulta: SQLSTATE[42S02]: Base table or view not found: 1146 Table 'desafio_resumo.tabela_exemplo' doesn't exist
[2024-11-23 15:09:36] Erro na consulta: SQLSTATE[42S02]: Base table or view not found: 1146 Table 'desafio_resumo.tabela_exemplo' doesn't exist
[2024-11-23 15:09:36] Erro na consulta: SQLSTATE[42S02]: Base table or view not found: 1146 Table 'desafio_resumo.tabela_exemplo' doesn't exist
[2024-11-23 15:09:38] Erro na consulta: SQLSTATE[42S02]: Base table or view not found: 1146 Table 'desafio_resumo.tabela_exemplo' doesn't exist
[2024-11-23 15:09:52] Erro na consulta: SQLSTATE[42S02]: Base table or view not found: 1146 Table 'desafio_resumo.tabela_exemplo' doesn't exist
[2024-11-23 15:11:45] Erro na consulta: SQLSTATE[42S02]: Base table or view not found: 1146 Table 'desafio_resumo.tabela_exemplo' doesn't exist
[2024-11-23 15:11:49] Erro na consulta: SQLSTATE[42S02]: Base table or view not found: 1146 Table 'desafio_resumo.tabela_exemplo' doesn't exist
[2024-11-23 15:12:01] Erro na consulta: SQLSTATE[42S02]: Base table or view not found: 1146 Table 'desafio_resumo.tabela_exemplo' doesn't exist
[2024-11-23 15:12:01] Erro na consulta: SQLSTATE[42S02]: Base table or view not found: 1146 Table 'desafio_resumo.tabela_exemplo' doesn't exist
[2024-11-23 15:13:50] Erro na consulta: SQLSTATE[42S02]: Base table or view not found: 1146 Table 'desafio_resumo.tabela_exemplo' doesn't exist
[2024-11-23 15:13:53] Erro na consulta: SQLSTATE[42S02]: Base table or view not found: 1146 Table 'desafio_resumo.tabela_exemplo' doesn't exist
[2024-11-23 15:14:06] Erro na consulta: SQLSTATE[42S02]: Base table or view not found: 1146 Table 'desafio_resumo.tabela_exemplo' doesn't exist
[2024-11-23 15:18:22] Erro na consulta: SQLSTATE[42S02]: Base table or view not found: 1146 Table 'desafio_resumo.tabela_exemplo' doesn't exist
[2024-11-23 15:18:39] Erro na consulta: SQLSTATE[42S02]: Base table or view not found: 1146 Table 'desafio_resumo.tabela_exemplo' doesn't exist
[2024-11-23 15:21:30] Erro na consulta: SQLSTATE[42S02]: Base table or view not found: 1146 Table 'desafio_resumo.tabela_exemplo' doesn't exist
[2024-11-23 15:23:16] Erro na consulta: SQLSTATE[42S02]: Base table or view not found: 1146 Table 'desafio_resumo.tabela_exemplo' doesn't exist
[2024-11-23 15:23:31] Erro na consulta: SQLSTATE[42S02]: Base table or view not found: 1146 Table 'desafio_resumo.tabela_exemplo' doesn't exist
[2024-11-23 15:26:18] Erro na consulta: SQLSTATE[42S02]: Base table or view not found: 1146 Table 'desafio_resumo.tabela_exemplo' doesn't exist
[2024-11-23 15:26:49] Erro na consulta: SQLSTATE[42S02]: Base table or view not found: 1146 Table 'desafio_resumo.tabela_exemplo' doesn't exist
[2024-11-23 15:27:22] Erro na consulta: SQLSTATE[42S02]: Base table or view not found: 1146 Table 'desafio_resumo.tabela_exemplo' doesn't exist
[2024-11-23 15:27:24] Erro na consulta: SQLSTATE[42S02]: Base table or view not found: 1146 Table 'desafio_resumo.tabela_exemplo' doesn't exist
[2024-11-23 15:27:35] Erro na consulta: SQLSTATE[42S02]: Base table or view not found: 1146 Table 'desafio_resumo.tabela_exemplo' doesn't exist
[2024-11-23 15:27:35] Erro na consulta: SQLSTATE[42S02]: Base table or view not found: 1146 Table 'desafio_resumo.tabela_exemplo' doesn't exist
[2024-11-23 15:28:16] Erro na consulta: SQLSTATE[42S02]: Base table or view not found: 1146 Table 'desafio_resumo.tabela_exemplo' doesn't exist
[2024-11-23 15:28:17] Erro na consulta: SQLSTATE[42S02]: Base table or view not found: 1146 Table 'desafio_resumo.tabela_exemplo' doesn't exist
[2024-11-23 15:28:18] Erro na consulta: SQLSTATE[42S02]: Base table or view not found: 1146 Table 'desafio_resumo.tabela_exemplo' doesn't exist
[2024-11-23 15:29:48] Erro na consulta: SQLSTATE[42S02]: Base table or view not found: 1146 Table 'desafio_resumo.tabela_exemplo' doesn't exist
[2024-11-23 15:30:49] Erro na consulta: SQLSTATE[42S02]: Base table or view not found: 1146 Table 'desafio_resumo.tabela_exemplo' doesn't exist
[2024-11-23 15:31:04] Erro na consulta: SQLSTATE[42S02]: Base table or view not found: 1146 Table 'desafio_resumo.tabela_exemplo' doesn't exist
[2024-11-23 15:33:03] Erro na consulta: SQLSTATE[42S02]: Base table or view not found: 1146 Table 'desafio_resumo.tabela_exemplo' doesn't exist
[2024-11-23 15:33:24] Erro na consulta: SQLSTATE[42S02]: Base table or view not found: 1146 Table 'desafio_resumo.tabela_exemplo' doesn't exist
[2024-11-23 15:33:47] Erro na consulta: SQLSTATE[42S02]: Base table or view not found: 1146 Table 'desafio_resumo.tabela_exemplo' doesn't exist
[2024-11-23 15:36:41] Erro na consulta: SQLSTATE[42S02]: Base table or view not found: 1146 Table 'desafio_resumo.tabela_exemplo' doesn't exist
[2024-11-23 15:38:29] Erro na consulta: SQLSTATE[42S02]: Base table or view not found: 1146 Table 'desafio_resumo.tabela_exemplo' doesn't exist
[2024-11-23 15:38:42] Erro na consulta: SQLSTATE[42S02]: Base table or view not found: 1146 Table 'desafio_resumo.tabela_exemplo' doesn't exist
[2024-11-23 15:38:42] Erro na consulta: SQLSTATE[42S02]: Base table or view not found: 1146 Table 'desafio_resumo.tabela_exemplo' doesn't exist
[2024-11-23 15:38:45] Erro na consulta: SQLSTATE[42S02]: Base table or view not found: 1146 Table 'desafio_resumo.tabela_exemplo' doesn't exist
[2024-11-23 15:38:45] Erro na consulta: SQLSTATE[42S02]: Base table or view not found: 1146 Table 'desafio_resumo.tabela_exemplo' doesn't exist
[2024-11-23 15:38:59] Erro na consulta: SQLSTATE[42S02]: Base table or view not found: 1146 Table 'desafio_resumo.tabela_exemplo' doesn't exist
[2024-11-23 15:39:05] Erro na consulta: SQLSTATE[42S02]: Base table or view not found: 1146 Table 'desafio_resumo.tabela_exemplo' doesn't exist
[2024-11-23 15:39:05] Erro na consulta: SQLSTATE[42S02]: Base table or view not found: 1146 Table 'desafio_resumo.tabela_exemplo' doesn't exist
[2024-11-23 15:43:17] Erro na consulta: SQLSTATE[42S02]: Base table or view not found: 1146 Table 'desafio_resumo.tabela_exemplo' doesn't exist
[2024-11-23 15:43:55] Erro na consulta: SQLSTATE[42S02]: Base table or view not found: 1146 Table 'desafio_resumo.tabela_exemplo' doesn't exist
[2024-11-23 15:43:55] Erro na consulta: SQLSTATE[42S02]: Base table or view not found: 1146 Table 'desafio_resumo.tabela_exemplo' doesn't exist
[2024-11-23 15:44:02] Erro na consulta: SQLSTATE[42S02]: Base table or view not found: 1146 Table 'desafio_resumo.tabela_exemplo' doesn't exist
[2024-11-23 15:44:02] Erro na consulta: SQLSTATE[42S02]: Base table or view not found: 1146 Table 'desafio_resumo.tabela_exemplo' doesn't exist
[2024-11-23 15:44:08] Erro na consulta: SQLSTATE[42S02]: Base table or view not found: 1146 Table 'desafio_resumo.tabela_exemplo' doesn't exist
[2024-11-23 15:44:08] Erro na consulta: SQLSTATE[42S02]: Base table or view not found: 1146 Table 'desafio_resumo.tabela_exemplo' doesn't exist
[2024-11-23 15:44:44] Erro na consulta: SQLSTATE[42S02]: Base table or view not found: 1146 Table 'desafio_resumo.tabela_exemplo' doesn't exist
[2024-11-23 15:44:47] Erro na consulta: SQLSTATE[42S02]: Base table or view not found: 1146 Table 'desafio_resumo.tabela_exemplo' doesn't exist
[2024-11-23 15:44:58] Erro na consulta: SQLSTATE[42S02]: Base table or view not found: 1146 Table 'desafio_resumo.tabela_exemplo' doesn't exist
[2024-11-23 15:44:59] Erro na consulta: SQLSTATE[42S02]: Base table or view not found: 1146 Table 'desafio_resumo.tabela_exemplo' doesn't exist
[2024-11-23 15:45:05] Erro na consulta: SQLSTATE[42S02]: Base table or view not found: 1146 Table 'desafio_resumo.tabela_exemplo' doesn't exist
[2024-11-23 15:45:08] Erro na consulta: SQLSTATE[42S02]: Base table or view not found: 1146 Table 'desafio_resumo.tabela_exemplo' doesn't exist
[2024-11-23 15:45:16] Erro na consulta: SQLSTATE[42S02]: Base table or view not found: 1146 Table 'desafio_resumo.tabela_exemplo' doesn't exist
[2024-11-23 15:45:37] Erro na consulta: SQLSTATE[42S02]: Base table or view not found: 1146 Table 'desafio_resumo.tabela_exemplo' doesn't exist
[2024-11-23 15:49:49] Erro na consulta: SQLSTATE[42S02]: Base table or view not found: 1146 Table 'desafio_resumo.tabela_exemplo' doesn't exist
[2024-11-23 15:49:49] Erro na consulta: SQLSTATE[42S02]: Base table or view not found: 1146 Table 'desafio_resumo.tabela_exemplo' doesn't exist
[2024-11-23 15:49:57] Erro na consulta: SQLSTATE[42S02]: Base table or view not found: 1146 Table 'desafio_resumo.tabela_exemplo' doesn't exist
[2024-11-23 15:49:57] Erro na consulta: SQLSTATE[42S02]: Base table or view not found: 1146 Table 'desafio_resumo.tabela_exemplo' doesn't exist
[2024-11-23 15:52:32] Erro na consulta: SQLSTATE[42S02]: Base table or view not found: 1146 Table 'desafio_resumo.tabela_exemplo' doesn't exist
[2024-11-23 15:52:35] Erro na consulta: SQLSTATE[42S02]: Base table or view not found: 1146 Table 'desafio_resumo.tabela_exemplo' doesn't exist
[2024-11-23 15:53:10] Erro na consulta: SQLSTATE[42S02]: Base table or view not found: 1146 Table 'desafio_resumo.tabela_exemplo' doesn't exist
[2024-11-23 15:53:14] Erro na consulta: SQLSTATE[42S02]: Base table or view not found: 1146 Table 'desafio_resumo.tabela_exemplo' doesn't exist
[2024-11-23 15:53:22] Erro na consulta: SQLSTATE[42S02]: Base table or view not found: 1146 Table 'desafio_resumo.tabela_exemplo' doesn't exist
[2024-11-23 15:53:31] Erro na consulta: SQLSTATE[42S02]: Base table or view not found: 1146 Table 'desafio_resumo.tabela_exemplo' doesn't exist
[2024-11-23 15:53:31] Erro na consulta: SQLSTATE[42S02]: Base table or view not found: 1146 Table 'desafio_resumo.tabela_exemplo' doesn't exist
[2024-11-23 15:57:59] Erro na consulta: SQLSTATE[42S02]: Base table or view not found: 1146 Table 'desafio_resumo.tabela_exemplo' doesn't exist
[2024-11-23 15:58:02] Erro na consulta: SQLSTATE[42S02]: Base table or view not found: 1146 Table 'desafio_resumo.tabela_exemplo' doesn't exist
[2024-11-23 15:58:02] Erro na consulta: SQLSTATE[42S02]: Base table or view not found: 1146 Table 'desafio_resumo.tabela_exemplo' doesn't exist
[2024-11-23 15:58:55] Erro na consulta: SQLSTATE[42S02]: Base table or view not found: 1146 Table 'desafio_resumo.tabela_exemplo' doesn't exist
[2024-11-23 15:59:02] Erro na consulta: SQLSTATE[42S02]: Base table or view not found: 1146 Table 'desafio_resumo.tabela_exemplo' doesn't exist
[2024-11-23 15:59:02] Erro na consulta: SQLSTATE[42S02]: Base table or view not found: 1146 Table 'desafio_resumo.tabela_exemplo' doesn't exist
[2024-11-23 16:02:33] Erro na consulta: SQLSTATE[42S02]: Base table or view not found: 1146 Table 'desafio_resumo.tabela_exemplo' doesn't exist
[2024-11-23 16:02:36] Erro na consulta: SQLSTATE[42S02]: Base table or view not found: 1146 Table 'desafio_resumo.tabela_exemplo' doesn't exist
[2024-11-23 16:02:36] Erro na consulta: SQLSTATE[42S02]: Base table or view not found: 1146 Table 'desafio_resumo.tabela_exemplo' doesn't exist
[2024-11-23 16:02:42] Erro na consulta: SQLSTATE[42S02]: Base table or view not found: 1146 Table 'desafio_resumo.tabela_exemplo' doesn't exist
[2024-11-23 16:02:42] Erro na consulta: SQLSTATE[42S02]: Base table or view not found: 1146 Table 'desafio_resumo.tabela_exemplo' doesn't exist
[2024-11-23 16:02:58] Erro na consulta: SQLSTATE[42S02]: Base table or view not found: 1146 Table 'desafio_resumo.tabela_exemplo' doesn't exist
[2024-11-23 16:04:21] Erro na consulta: SQLSTATE[42S02]: Base table or view not found: 1146 Table 'desafio_resumo.tabela_exemplo' doesn't exist
[2024-11-23 16:06:27] Erro na consulta: SQLSTATE[42S02]: Base table or view not found: 1146 Table 'desafio_resumo.tabela_exemplo' doesn't exist
[2024-11-23 16:06:49] Erro na consulta: SQLSTATE[42S02]: Base table or view not found: 1146 Table 'desafio_resumo.tabela_exemplo' doesn't exist
[2024-11-23 16:08:50] Erro na consulta: SQLSTATE[42S02]: Base table or view not found: 1146 Table 'desafio_resumo.tabela_exemplo' doesn't exist
[2024-11-23 16:10:42] Erro na consulta: SQLSTATE[42S02]: Base table or view not found: 1146 Table 'desafio_resumo.tabela_exemplo' doesn't exist
[2024-11-23 16:13:33] Erro na consulta: SQLSTATE[42S02]: Base table or view not found: 1146 Table 'desafio_resumo.tabela_exemplo' doesn't exist
[2024-11-23 16:13:35] Erro na consulta: SQLSTATE[42S02]: Base table or view not found: 1146 Table 'desafio_resumo.tabela_exemplo' doesn't exist
[2024-11-23 16:13:46] Erro na consulta: SQLSTATE[42S02]: Base table or view not found: 1146 Table 'desafio_resumo.tabela_exemplo' doesn't exist
[2024-11-23 16:13:49] Erro na consulta: SQLSTATE[42S02]: Base table or view not found: 1146 Table 'desafio_resumo.tabela_exemplo' doesn't exist
[2024-11-23 16:14:10] Erro na consulta: SQLSTATE[42S02]: Base table or view not found: 1146 Table 'desafio_resumo.tabela_exemplo' doesn't exist
[2024-11-23 16:14:10] Erro na consulta: SQLSTATE[42S02]: Base table or view not found: 1146 Table 'desafio_resumo.tabela_exemplo' doesn't exist
[2024-11-23 16:14:24] Erro na consulta: SQLSTATE[42S02]: Base table or view not found: 1146 Table 'desafio_resumo.tabela_exemplo' doesn't exist
[2024-11-23 16:14:29] Erro na consulta: SQLSTATE[42S02]: Base table or view not found: 1146 Table 'desafio_resumo.tabela_exemplo' doesn't exist
[2024-11-23 16:14:41] Erro na consulta: SQLSTATE[42S02]: Base table or view not found: 1146 Table 'desafio_resumo.tabela_exemplo' doesn't exist
[2024-11-23 16:14:58] Erro na consulta: SQLSTATE[42S02]: Base table or view not found: 1146 Table 'desafio_resumo.tabela_exemplo' doesn't exist
[2024-11-23 16:14:58] Erro na consulta: SQLSTATE[42S02]: Base table or view not found: 1146 Table 'desafio_resumo.tabela_exemplo' doesn't exist
[2024-11-23 16:15:07] Erro na consulta: SQLSTATE[42S02]: Base table or view not found: 1146 Table 'desafio_resumo.tabela_exemplo' doesn't exist
[2024-11-23 16:15:07] Erro na consulta: SQLSTATE[42S02]: Base table or view not found: 1146 Table 'desafio_resumo.tabela_exemplo' doesn't exist
[2024-11-23 16:15:10] Erro na consulta: SQLSTATE[42S02]: Base table or view not found: 1146 Table 'desafio_resumo.tabela_exemplo' doesn't exist
[2024-11-23 16:20:15] Erro na consulta: SQLSTATE[42S02]: Base table or view not found: 1146 Table 'desafio_resumo.tabela_exemplo' doesn't exist
[2024-11-23 16:22:21] Erro na consulta: SQLSTATE[42S02]: Base table or view not found: 1146 Table 'desafio_resumo.tabela_exemplo' doesn't exist
[2024-11-23 16:24:18] Erro na consulta: SQLSTATE[42S02]: Base table or view not found: 1146 Table 'desafio_resumo.tabela_exemplo' doesn't exist
[2024-11-23 16:26:20] Erro na consulta: SQLSTATE[42S02]: Base table or view not found: 1146 Table 'desafio_resumo.tabela_exemplo' doesn't exist
[2024-11-23 16:26:23] Erro na consulta: SQLSTATE[42S02]: Base table or view not found: 1146 Table 'desafio_resumo.tabela_exemplo' doesn't exist
[2024-11-23 16:28:34] Erro na consulta: SQLSTATE[42S02]: Base table or view not found: 1146 Table 'desafio_resumo.tabela_exemplo' doesn't exist
[2024-11-23 16:28:36] Erro na consulta: SQLSTATE[42S02]: Base table or view not found: 1146 Table 'desafio_resumo.tabela_exemplo' doesn't exist
[2024-11-23 16:30:31] Erro na consulta: SQLSTATE[42S02]: Base table or view not found: 1146 Table 'desafio_resumo.tabela_exemplo' doesn't exist
[2024-11-23 16:31:04] Erro na consulta: SQLSTATE[42S02]: Base table or view not found: 1146 Table 'desafio_resumo.tabela_exemplo' doesn't exist
[2024-11-23 16:31:04] Erro na consulta: SQLSTATE[42S02]: Base table or view not found: 1146 Table 'desafio_resumo.tabela_exemplo' doesn't exist
[2024-11-23 16:31:06] Erro na consulta: SQLSTATE[42S02]: Base table or view not found: 1146 Table 'desafio_resumo.tabela_exemplo' doesn't exist
[2024-11-23 16:31:06] Erro na consulta: SQLSTATE[42S02]: Base table or view not found: 1146 Table 'desafio_resumo.tabela_exemplo' doesn't exist
[2024-11-23 16:31:07] Erro na consulta: SQLSTATE[42S02]: Base table or view not found: 1146 Table 'desafio_resumo.tabela_exemplo' doesn't exist
[2024-11-23 16:31:07] Erro na consulta: SQLSTATE[42S02]: Base table or view not found: 1146 Table 'desafio_resumo.tabela_exemplo' doesn't exist
[2024-11-23 16:31:08] Erro na consulta: SQLSTATE[42S02]: Base table or view not found: 1146 Table 'desafio_resumo.tabela_exemplo' doesn't exist
[2024-11-23 16:31:08] Erro na consulta: SQLSTATE[42S02]: Base table or view not found: 1146 Table 'desafio_resumo.tabela_exemplo' doesn't exist
[2024-11-23 16:36:58] Erro na consulta: SQLSTATE[42S02]: Base table or view not found: 1146 Table 'desafio_resumo.tabela_exemplo' doesn't exist
[2024-11-23 16:37:00] Erro na consulta: SQLSTATE[42S02]: Base table or view not found: 1146 Table 'desafio_resumo.tabela_exemplo' doesn't exist
[2024-11-23 16:37:02] Erro na consulta: SQLSTATE[42S02]: Base table or view not found: 1146 Table 'desafio_resumo.tabela_exemplo' doesn't exist
[2024-11-23 16:37:10] Erro na consulta: SQLSTATE[42S02]: Base table or view not found: 1146 Table 'desafio_resumo.tabela_exemplo' doesn't exist
[2024-11-23 16:45:11] Erro na consulta: SQLSTATE[42S02]: Base table or view not found: 1146 Table 'desafio_resumo.tabela_exemplo' doesn't exist
[2024-11-23 16:45:22] Erro na consulta: SQLSTATE[42S02]: Base table or view not found: 1146 Table 'desafio_resumo.tabela_exemplo' doesn't exist
[2024-11-23 16:49:14] Erro na consulta: SQLSTATE[42S02]: Base table or view not found: 1146 Table 'desafio_resumo.tabela_exemplo' doesn't exist
[2024-11-23 16:49:54] Erro na consulta: SQLSTATE[42S02]: Base table or view not found: 1146 Table 'desafio_resumo.tabela_exemplo' doesn't exist
[2024-11-23 16:50:00] Erro na consulta: SQLSTATE[42S02]: Base table or view not found: 1146 Table 'desafio_resumo.tabela_exemplo' doesn't exist
[2024-11-23 16:50:02] Erro na consulta: SQLSTATE[42S02]: Base table or view not found: 1146 Table 'desafio_resumo.tabela_exemplo' doesn't exist
[2024-11-23 16:50:03] Erro na consulta: SQLSTATE[42S02]: Base table or view not found: 1146 Table 'desafio_resumo.tabela_exemplo' doesn't exist
[2024-11-23 16:50:04] Erro na consulta: SQLSTATE[42S02]: Base table or view not found: 1146 Table 'desafio_resumo.tabela_exemplo' doesn't exist
[2024-11-23 16:56:38] Erro na consulta: SQLSTATE[42S02]: Base table or view not found: 1146 Table 'desafio_resumo.tabela_exemplo' doesn't exist
[2024-11-23 18:03:16] Erro na consulta: SQLSTATE[42S02]: Base table or view not found: 1146 Table 'desafio_resumo.tabela_exemplo' doesn't exist
[2024-11-23 18:03:41] Erro na consulta: SQLSTATE[42S02]: Base table or view not found: 1146 Table 'desafio_resumo.tabela_exemplo' doesn't exist
[2024-11-23 18:04:17] Erro na consulta: SQLSTATE[42S02]: Base table or view not found: 1146 Table 'desafio_resumo.tabela_exemplo' doesn't exist
[2024-11-23 18:04:19] Erro na consulta: SQLSTATE[42S02]: Base table or view not found: 1146 Table 'desafio_resumo.tabela_exemplo' doesn't exist
[2024-11-23 18:04:36] Erro na consulta: SQLSTATE[42S02]: Base table or view not found: 1146 Table 'desafio_resumo.tabela_exemplo' doesn't exist
[2024-11-23 18:04:36] Erro na consulta: SQLSTATE[42S02]: Base table or view not found: 1146 Table 'desafio_resumo.tabela_exemplo' doesn't exist
[2024-11-23 18:04:54] Erro na consulta: SQLSTATE[42S02]: Base table or view not found: 1146 Table 'desafio_resumo.tabela_exemplo' doesn't exist
[2024-11-23 18:07:14] Erro na consulta: SQLSTATE[42S02]: Base table or view not found: 1146 Table 'desafio_resumo.tabela_exemplo' doesn't exist
[2024-11-23 18:07:35] Erro na consulta: SQLSTATE[42S02]: Base table or view not found: 1146 Table 'desafio_resumo.tabela_exemplo' doesn't exist
[2024-11-23 18:09:57] Erro na consulta: SQLSTATE[42S02]: Base table or view not found: 1146 Table 'desafio_resumo.tabela_exemplo' doesn't exist
[2024-11-23 18:09:59] Erro na consulta: SQLSTATE[42S02]: Base table or view not found: 1146 Table 'desafio_resumo.tabela_exemplo' doesn't exist
[2024-11-23 18:10:45] Erro na consulta: SQLSTATE[42S02]: Base table or view not found: 1146 Table 'desafio_resumo.tabela_exemplo' doesn't exist
[2024-11-23 18:10:47] Erro na consulta: SQLSTATE[42S02]: Base table or view not found: 1146 Table 'desafio_resumo.tabela_exemplo' doesn't exist
[2024-11-23 18:10:49] Erro na consulta: SQLSTATE[42S02]: Base table or view not found: 1146 Table 'desafio_resumo.tabela_exemplo' doesn't exist
[2024-11-23 18:11:11] Erro na consulta: SQLSTATE[42S02]: Base table or view not found: 1146 Table 'desafio_resumo.tabela_exemplo' doesn't exist
[2024-11-23 18:11:46] Erro na consulta: SQLSTATE[42S02]: Base table or view not found: 1146 Table 'desafio_resumo.tabela_exemplo' doesn't exist
[2024-11-23 18:12:10] Erro na consulta: SQLSTATE[42S02]: Base table or view not found: 1146 Table 'desafio_resumo.tabela_exemplo' doesn't exist
[2024-11-23 18:12:38] Erro na consulta: SQLSTATE[42S02]: Base table or view not found: 1146 Table 'desafio_resumo.tabela_exemplo' doesn't exist
[2024-11-23 18:14:39] Erro na consulta: SQLSTATE[42S02]: Base table or view not found: 1146 Table 'desafio_resumo.tabela_exemplo' doesn't exist
[2024-11-23 18:14:54] Erro na consulta: SQLSTATE[42S02]: Base table or view not found: 1146 Table 'desafio_resumo.tabela_exemplo' doesn't exist
[2024-11-23 18:15:24] Erro na consulta: SQLSTATE[42S02]: Base table or view not found: 1146 Table 'desafio_resumo.tabela_exemplo' doesn't exist
[2024-11-23 18:15:32] Erro na consulta: SQLSTATE[42S02]: Base table or view not found: 1146 Table 'desafio_resumo.tabela_exemplo' doesn't exist
[2024-11-23 18:15:36] Erro na consulta: SQLSTATE[42S02]: Base table or view not found: 1146 Table 'desafio_resumo.tabela_exemplo' doesn't exist
[2024-11-23 18:15:58] Erro na consulta: SQLSTATE[42S02]: Base table or view not found: 1146 Table 'desafio_resumo.tabela_exemplo' doesn't exist
[2024-11-23 18:15:58] Erro na consulta: SQLSTATE[42S02]: Base table or view not found: 1146 Table 'desafio_resumo.tabela_exemplo' doesn't exist
[2024-11-23 18:16:15] Erro na consulta: SQLSTATE[42S02]: Base table or view not found: 1146 Table 'desafio_resumo.tabela_exemplo' doesn't exist
[2024-11-23 18:16:42] Erro na consulta: SQLSTATE[42S02]: Base table or view not found: 1146 Table 'desafio_resumo.tabela_exemplo' doesn't exist
[2024-11-23 18:16:44] Erro na consulta: SQLSTATE[42S02]: Base table or view not found: 1146 Table 'desafio_resumo.tabela_exemplo' doesn't exist
[2024-11-23 18:16:55] Erro na consulta: SQLSTATE[42S02]: Base table or view not found: 1146 Table 'desafio_resumo.tabela_exemplo' doesn't exist
[2024-11-23 18:17:13] Erro na consulta: SQLSTATE[42S02]: Base table or view not found: 1146 Table 'desafio_resumo.tabela_exemplo' doesn't exist
[2024-11-23 18:18:10] Erro na consulta: SQLSTATE[42S02]: Base table or view not found: 1146 Table 'desafio_resumo.tabela_exemplo' doesn't exist
[2024-11-23 18:18:15] Erro na consulta: SQLSTATE[42S02]: Base table or view not found: 1146 Table 'desafio_resumo.tabela_exemplo' doesn't exist
[2024-11-23 18:18:40] Erro na consulta: SQLSTATE[42S02]: Base table or view not found: 1146 Table 'desafio_resumo.tabela_exemplo' doesn't exist
[2024-11-23 18:18:47] Erro na consulta: SQLSTATE[42S02]: Base table or view not found: 1146 Table 'desafio_resumo.tabela_exemplo' doesn't exist
[2024-11-23 18:42:05] Erro na consulta: SQLSTATE[42S02]: Base table or view not found: 1146 Table 'desafio_resumo.tabela_exemplo' doesn't exist
[2024-11-23 18:42:10] Erro na consulta: SQLSTATE[42S02]: Base table or view not found: 1146 Table 'desafio_resumo.tabela_exemplo' doesn't exist
[2024-11-23 18:42:47] Erro na consulta: SQLSTATE[42S02]: Base table or view not found: 1146 Table 'desafio_resumo.tabela_exemplo' doesn't exist
[2024-11-23 18:42:50] Erro na consulta: SQLSTATE[42S02]: Base table or view not found: 1146 Table 'desafio_resumo.tabela_exemplo' doesn't exist
[2024-11-23 18:42:51] Erro na consulta: SQLSTATE[42S02]: Base table or view not found: 1146 Table 'desafio_resumo.tabela_exemplo' doesn't exist
[2024-11-23 18:42:51] Erro na consulta: SQLSTATE[42S02]: Base table or view not found: 1146 Table 'desafio_resumo.tabela_exemplo' doesn't exist
[2024-11-23 18:42:52] Erro na consulta: SQLSTATE[42S02]: Base table or view not found: 1146 Table 'desafio_resumo.tabela_exemplo' doesn't exist
[2024-11-23 18:43:50] Erro na consulta: SQLSTATE[42S02]: Base table or view not found: 1146 Table 'desafio_resumo.tabela_exemplo' doesn't exist
[2024-11-23 21:18:11] Erro na consulta: SQLSTATE[42S02]: Base table or view not found: 1146 Table 'desafio_resumo.tabela_exemplo' doesn't exist
[2024-11-23 21:18:14] Erro na consulta: SQLSTATE[42S02]: Base table or view not found: 1146 Table 'desafio_resumo.tabela_exemplo' doesn't exist
[2024-11-23 21:18:16] Erro na consulta: SQLSTATE[42S02]: Base table or view not found: 1146 Table 'desafio_resumo.tabela_exemplo' doesn't exist
[2024-11-23 21:22:38] Erro na consulta: SQLSTATE[42S02]: Base table or view not found: 1146 Table 'desafio_resumo.tabela_exemplo' doesn't exist
[2024-11-23 21:22:40] Erro na consulta: SQLSTATE[42S02]: Base table or view not found: 1146 Table 'desafio_resumo.tabela_exemplo' doesn't exist
[2024-11-23 21:23:09] Erro na consulta: SQLSTATE[42S02]: Base table or view not found: 1146 Table 'desafio_resumo.tabela_exemplo' doesn't exist
[2024-11-23 21:23:11] Erro na consulta: SQLSTATE[42S02]: Base table or view not found: 1146 Table 'desafio_resumo.tabela_exemplo' doesn't exist
[2024-11-23 21:23:12] Erro na consulta: SQLSTATE[42S02]: Base table or view not found: 1146 Table 'desafio_resumo.tabela_exemplo' doesn't exist
[2024-11-23 21:23:15] Erro na consulta: SQLSTATE[42S02]: Base table or view not found: 1146 Table 'desafio_resumo.tabela_exemplo' doesn't exist
[2024-11-23 21:32:14] Erro na consulta: SQLSTATE[42S02]: Base table or view not found: 1146 Table 'desafio_resumo.tabela_exemplo' doesn't exist
[2024-11-23 21:32:15] Erro na consulta: SQLSTATE[42S02]: Base table or view not found: 1146 Table 'desafio_resumo.tabela_exemplo' doesn't exist
[2024-11-23 21:32:49] Erro na consulta: SQLSTATE[42S02]: Base table or view not found: 1146 Table 'desafio_resumo.tabela_exemplo' doesn't exist
[2024-11-23 21:32:51] Erro na consulta: SQLSTATE[42S02]: Base table or view not found: 1146 Table 'desafio_resumo.tabela_exemplo' doesn't exist
[2024-11-23 21:32:53] Erro na consulta: SQLSTATE[42S02]: Base table or view not found: 1146 Table 'desafio_resumo.tabela_exemplo' doesn't exist
[2024-11-23 21:32:53] Erro na consulta: SQLSTATE[42S02]: Base table or view not found: 1146 Table 'desafio_resumo.tabela_exemplo' doesn't exist
[2024-11-23 21:32:53] Erro na consulta: SQLSTATE[42S02]: Base table or view not found: 1146 Table 'desafio_resumo.tabela_exemplo' doesn't exist
[2024-11-23 21:32:53] Erro na consulta: SQLSTATE[42S02]: Base table or view not found: 1146 Table 'desafio_resumo.tabela_exemplo' doesn't exist
[2024-11-23 21:32:54] Erro na consulta: SQLSTATE[42S02]: Base table or view not found: 1146 Table 'desafio_resumo.tabela_exemplo' doesn't exist
[2024-11-23 21:32:54] Erro na consulta: SQLSTATE[42S02]: Base table or view not found: 1146 Table 'desafio_resumo.tabela_exemplo' doesn't exist
[2024-11-23 21:32:57] Erro na consulta: SQLSTATE[42S02]: Base table or view not found: 1146 Table 'desafio_resumo.tabela_exemplo' doesn't exist
[2024-11-23 21:36:21] Erro na consulta: SQLSTATE[42S02]: Base table or view not found: 1146 Table 'desafio_resumo.tabela_exemplo' doesn't exist
[2024-11-23 21:36:34] Erro na consulta: SQLSTATE[42S02]: Base table or view not found: 1146 Table 'desafio_resumo.tabela_exemplo' doesn't exist
[2024-11-23 21:36:37] Erro na consulta: SQLSTATE[42S02]: Base table or view not found: 1146 Table 'desafio_resumo.tabela_exemplo' doesn't exist
[2024-11-23 21:36:59] Erro na consulta: SQLSTATE[42S02]: Base table or view not found: 1146 Table 'desafio_resumo.tabela_exemplo' doesn't exist
[2024-11-23 21:37:02] Erro na consulta: SQLSTATE[42S02]: Base table or view not found: 1146 Table 'desafio_resumo.tabela_exemplo' doesn't exist
[2024-11-23 21:37:05] Erro na consulta: SQLSTATE[42S02]: Base table or view not found: 1146 Table 'desafio_resumo.tabela_exemplo' doesn't exist
[2024-11-23 21:37:06] Erro na consulta: SQLSTATE[42S02]: Base table or view not found: 1146 Table 'desafio_resumo.tabela_exemplo' doesn't exist
[2024-11-23 21:37:07] Erro na consulta: SQLSTATE[42S02]: Base table or view not found: 1146 Table 'desafio_resumo.tabela_exemplo' doesn't exist
[2024-11-23 21:37:08] Erro na consulta: SQLSTATE[42S02]: Base table or view not found: 1146 Table 'desafio_resumo.tabela_exemplo' doesn't exist
[2024-11-23 21:37:14] Erro na consulta: SQLSTATE[42S02]: Base table or view not found: 1146 Table 'desafio_resumo.tabela_exemplo' doesn't exist
[2024-11-23 21:37:23] Erro na consulta: SQLSTATE[42S02]: Base table or view not found: 1146 Table 'desafio_resumo.tabela_exemplo' doesn't exist
[2024-11-23 21:39:25] Erro na consulta: SQLSTATE[42S02]: Base table or view not found: 1146 Table 'desafio_resumo.tabela_exemplo' doesn't exist
[2024-11-23 21:39:30] Erro na consulta: SQLSTATE[42S02]: Base table or view not found: 1146 Table 'desafio_resumo.tabela_exemplo' doesn't exist
[2024-11-23 21:41:10] Erro na consulta: SQLSTATE[42S02]: Base table or view not found: 1146 Table 'desafio_resumo.tabela_exemplo' doesn't exist
[2024-11-23 21:41:19] Erro na consulta: SQLSTATE[42S02]: Base table or view not found: 1146 Table 'desafio_resumo.tabela_exemplo' doesn't exist
[2024-11-23 21:49:20] Erro na consulta: SQLSTATE[42S02]: Base table or view not found: 1146 Table 'desafio_resumo.tabela_exemplo' doesn't exist
[2024-11-23 21:51:49] Erro na consulta: SQLSTATE[42S02]: Base table or view not found: 1146 Table 'desafio_resumo.tabela_exemplo' doesn't exist
[2024-11-23 21:52:16] Erro na consulta: SQLSTATE[42S02]: Base table or view not found: 1146 Table 'desafio_resumo.tabela_exemplo' doesn't exist
[2024-11-23 21:52:30] Erro na consulta: SQLSTATE[42S02]: Base table or view not found: 1146 Table 'desafio_resumo.tabela_exemplo' doesn't exist
[2024-11-23 21:53:59] Erro na consulta: SQLSTATE[42S02]: Base table or view not found: 1146 Table 'desafio_resumo.tabela_exemplo' doesn't exist
[2024-11-23 21:54:19] Erro na consulta: SQLSTATE[42S02]: Base table or view not found: 1146 Table 'desafio_resumo.tabela_exemplo' doesn't exist
[2024-11-23 21:54:22] Erro na consulta: SQLSTATE[42S02]: Base table or view not found: 1146 Table 'desafio_resumo.tabela_exemplo' doesn't exist
[2024-11-23 21:54:26] Erro na consulta: SQLSTATE[42S02]: Base table or view not found: 1146 Table 'desafio_resumo.tabela_exemplo' doesn't exist
[2024-11-23 21:54:27] Erro na consulta: SQLSTATE[42S02]: Base table or view not found: 1146 Table 'desafio_resumo.tabela_exemplo' doesn't exist
[2024-11-23 21:58:39] Erro na consulta: SQLSTATE[42S02]: Base table or view not found: 1146 Table 'desafio_resumo.tabela_exemplo' doesn't exist
[2024-11-23 21:59:03] Erro na consulta: SQLSTATE[42S02]: Base table or view not found: 1146 Table 'desafio_resumo.tabela_exemplo' doesn't exist
[2024-11-23 22:04:46] Erro na consulta: SQLSTATE[42S02]: Base table or view not found: 1146 Table 'desafio_resumo.tabela_exemplo' doesn't exist
[2024-11-23 22:04:53] Erro na consulta: SQLSTATE[42S02]: Base table or view not found: 1146 Table 'desafio_resumo.tabela_exemplo' doesn't exist
[2024-11-23 22:04:55] Erro na consulta: SQLSTATE[42S02]: Base table or view not found: 1146 Table 'desafio_resumo.tabela_exemplo' doesn't exist
[2024-11-23 22:04:58] Erro na consulta: SQLSTATE[42S02]: Base table or view not found: 1146 Table 'desafio_resumo.tabela_exemplo' doesn't exist
[2024-11-23 22:04:58] Erro na consulta: SQLSTATE[42S02]: Base table or view not found: 1146 Table 'desafio_resumo.tabela_exemplo' doesn't exist
[2024-11-23 22:05:06] Erro na consulta: SQLSTATE[42S02]: Base table or view not found: 1146 Table 'desafio_resumo.tabela_exemplo' doesn't exist
[2024-11-23 22:05:13] Erro na consulta: SQLSTATE[42S02]: Base table or view not found: 1146 Table 'desafio_resumo.tabela_exemplo' doesn't exist
[2024-11-23 22:05:28] Erro na consulta: SQLSTATE[42S02]: Base table or view not found: 1146 Table 'desafio_resumo.tabela_exemplo' doesn't exist
[2024-11-23 22:05:49] Erro na consulta: SQLSTATE[42S02]: Base table or view not found: 1146 Table 'desafio_resumo.tabela_exemplo' doesn't exist
[2024-11-23 22:05:58] Erro na consulta: SQLSTATE[42S02]: Base table or view not found: 1146 Table 'desafio_resumo.tabela_exemplo' doesn't exist
[2024-11-23 22:06:11] Erro na consulta: SQLSTATE[42S02]: Base table or view not found: 1146 Table 'desafio_resumo.tabela_exemplo' doesn't exist
[2024-11-23 22:06:35] Erro na consulta: SQLSTATE[42S02]: Base table or view not found: 1146 Table 'desafio_resumo.tabela_exemplo' doesn't exist
[2024-11-23 22:06:41] Erro na consulta: SQLSTATE[42S02]: Base table or view not found: 1146 Table 'desafio_resumo.tabela_exemplo' doesn't exist
[2024-11-23 22:06:52] Erro na consulta: SQLSTATE[42S02]: Base table or view not found: 1146 Table 'desafio_resumo.tabela_exemplo' doesn't exist
[2024-11-23 22:07:11] Erro na consulta: SQLSTATE[42S02]: Base table or view not found: 1146 Table 'desafio_resumo.tabela_exemplo' doesn't exist
[2024-11-23 22:07:14] Erro na consulta: SQLSTATE[42S02]: Base table or view not found: 1146 Table 'desafio_resumo.tabela_exemplo' doesn't exist
[2024-11-23 22:07:16] Erro na consulta: SQLSTATE[42S02]: Base table or view not found: 1146 Table 'desafio_resumo.tabela_exemplo' doesn't exist
[2024-11-23 22:07:16] Erro na consulta: SQLSTATE[42S02]: Base table or view not found: 1146 Table 'desafio_resumo.tabela_exemplo' doesn't exist
[2024-11-23 22:07:20] Erro na consulta: SQLSTATE[42S02]: Base table or view not found: 1146 Table 'desafio_resumo.tabela_exemplo' doesn't exist
[2024-11-23 22:07:24] Erro na consulta: SQLSTATE[42S02]: Base table or view not found: 1146 Table 'desafio_resumo.tabela_exemplo' doesn't exist
[2024-11-23 22:07:37] Erro na consulta: SQLSTATE[42S02]: Base table or view not found: 1146 Table 'desafio_resumo.tabela_exemplo' doesn't exist
[2024-11-23 22:07:51] Erro na consulta: SQLSTATE[42S02]: Base table or view not found: 1146 Table 'desafio_resumo.tabela_exemplo' doesn't exist
[2024-11-23 22:08:01] Erro na consulta: SQLSTATE[42S02]: Base table or view not found: 1146 Table 'desafio_resumo.tabela_exemplo' doesn't exist
[2024-11-23 22:14:16] Erro na consulta: SQLSTATE[42S02]: Base table or view not found: 1146 Table 'desafio_resumo.tabela_exemplo' doesn't exist
[2024-11-23 22:17:22] Erro na consulta: SQLSTATE[42S02]: Base table or view not found: 1146 Table 'desafio_resumo.tabela_exemplo' doesn't exist
[2024-11-23 22:17:40] Erro na consulta: SQLSTATE[42S02]: Base table or view not found: 1146 Table 'desafio_resumo.tabela_exemplo' doesn't exist
[2024-11-23 22:25:04] Erro na consulta: SQLSTATE[42S02]: Base table or view not found: 1146 Table 'desafio_resumo.tabela_exemplo' doesn't exist
[2024-11-23 22:26:54] Erro na consulta: SQLSTATE[42S02]: Base table or view not found: 1146 Table 'desafio_resumo.tabela_exemplo' doesn't exist
[2024-11-23 22:30:42] Erro na consulta: SQLSTATE[42S02]: Base table or view not found: 1146 Table 'desafio_resumo.tabela_exemplo' doesn't exist
[2024-11-23 22:37:37] Erro na consulta: SQLSTATE[42S02]: Base table or view not found: 1146 Table 'desafio_resumo.tabela_exemplo' doesn't exist
[2024-11-23 22:43:17] Erro na consulta: SQLSTATE[42S02]: Base table or view not found: 1146 Table 'desafio_resumo.tabela_exemplo' doesn't exist
[2024-11-23 22:43:21] Erro na consulta: SQLSTATE[42S02]: Base table or view not found: 1146 Table 'desafio_resumo.tabela_exemplo' doesn't exist
[2024-11-23 22:43:35] Erro na consulta: SQLSTATE[42S02]: Base table or view not found: 1146 Table 'desafio_resumo.tabela_exemplo' doesn't exist
[2024-11-23 22:43:52] Erro na consulta: SQLSTATE[42S02]: Base table or view not found: 1146 Table 'desafio_resumo.tabela_exemplo' doesn't exist
[2024-11-23 22:50:11] Erro na consulta: SQLSTATE[42S02]: Base table or view not found: 1146 Table 'desafio_resumo.tabela_exemplo' doesn't exist
[2024-11-23 22:54:13] Erro na consulta: SQLSTATE[42S02]: Base table or view not found: 1146 Table 'desafio_resumo.tabela_exemplo' doesn't exist
[2024-11-23 22:54:23] Erro na consulta: SQLSTATE[42S02]: Base table or view not found: 1146 Table 'desafio_resumo.tabela_exemplo' doesn't exist
[2024-11-23 22:54:33] Erro na consulta: SQLSTATE[42S02]: Base table or view not found: 1146 Table 'desafio_resumo.tabela_exemplo' doesn't exist
[2024-11-23 22:54:49] Erro na consulta: SQLSTATE[42S02]: Base table or view not found: 1146 Table 'desafio_resumo.tabela_exemplo' doesn't exist
[2024-11-23 22:58:43] Erro na consulta: SQLSTATE[42S02]: Base table or view not found: 1146 Table 'desafio_resumo.tabela_exemplo' doesn't exist
[2024-11-23 23:03:47] Erro na consulta: SQLSTATE[42S02]: Base table or view not found: 1146 Table 'desafio_resumo.tabela_exemplo' doesn't exist
[2024-11-23 23:03:51] Erro na consulta: SQLSTATE[42S02]: Base table or view not found: 1146 Table 'desafio_resumo.tabela_exemplo' doesn't exist
[2024-11-23 23:04:42] Erro na consulta: SQLSTATE[42S02]: Base table or view not found: 1146 Table 'desafio_resumo.tabela_exemplo' doesn't exist
[2024-11-23 23:05:33] Erro na consulta: SQLSTATE[42S02]: Base table or view not found: 1146 Table 'desafio_resumo.tabela_exemplo' doesn't exist
[2024-11-23 23:05:42] Erro na consulta: SQLSTATE[42S02]: Base table or view not found: 1146 Table 'desafio_resumo.tabela_exemplo' doesn't exist
[2024-11-23 23:05:59] Erro na consulta: SQLSTATE[42S02]: Base table or view not found: 1146 Table 'desafio_resumo.tabela_exemplo' doesn't exist
[2024-11-23 23:06:01] Erro na consulta: SQLSTATE[42S02]: Base table or view not found: 1146 Table 'desafio_resumo.tabela_exemplo' doesn't exist
[2024-11-23 23:06:24] Erro na consulta: SQLSTATE[42S02]: Base table or view not found: 1146 Table 'desafio_resumo.tabela_exemplo' doesn't exist
[2024-11-23 23:06:27] Erro na consulta: SQLSTATE[42S02]: Base table or view not found: 1146 Table 'desafio_resumo.tabela_exemplo' doesn't exist
[2024-11-23 23:06:34] Erro na consulta: SQLSTATE[42S02]: Base table or view not found: 1146 Table 'desafio_resumo.tabela_exemplo' doesn't exist
[2024-11-23 23:06:46] Erro na consulta: SQLSTATE[42S02]: Base table or view not found: 1146 Table 'desafio_resumo.tabela_exemplo' doesn't exist
[2024-11-23 23:06:50] Erro na consulta: SQLSTATE[42S02]: Base table or view not found: 1146 Table 'desafio_resumo.tabela_exemplo' doesn't exist
[2024-11-23 23:07:04] Erro na consulta: SQLSTATE[42S02]: Base table or view not found: 1146 Table 'desafio_resumo.tabela_exemplo' doesn't exist
[2024-11-23 23:07:06] Erro na consulta: SQLSTATE[42S02]: Base table or view not found: 1146 Table 'desafio_resumo.tabela_exemplo' doesn't exist
[2024-11-23 23:07:07] Erro na consulta: SQLSTATE[42S02]: Base table or view not found: 1146 Table 'desafio_resumo.tabela_exemplo' doesn't exist
[2024-11-23 23:07:08] Erro na consulta: SQLSTATE[42S02]: Base table or view not found: 1146 Table 'desafio_resumo.tabela_exemplo' doesn't exist
[2024-11-23 23:07:29] Erro na consulta: SQLSTATE[42S02]: Base table or view not found: 1146 Table 'desafio_resumo.tabela_exemplo' doesn't exist
[2024-11-23 23:07:31] Erro na consulta: SQLSTATE[42S02]: Base table or view not found: 1146 Table 'desafio_resumo.tabela_exemplo' doesn't exist
[2024-11-23 23:07:32] Erro na consulta: SQLSTATE[42S02]: Base table or view not found: 1146 Table 'desafio_resumo.tabela_exemplo' doesn't exist
[2024-11-23 23:07:33] Erro na consulta: SQLSTATE[42S02]: Base table or view not found: 1146 Table 'desafio_resumo.tabela_exemplo' doesn't exist
[2024-11-23 23:07:54] Erro na consulta: SQLSTATE[42S02]: Base table or view not found: 1146 Table 'desafio_resumo.tabela_exemplo' doesn't exist
[2024-11-23 23:07:57] Erro na consulta: SQLSTATE[42S02]: Base table or view not found: 1146 Table 'desafio_resumo.tabela_exemplo' doesn't exist
[2024-11-23 23:07:58] Erro na consulta: SQLSTATE[42S02]: Base table or view not found: 1146 Table 'desafio_resumo.tabela_exemplo' doesn't exist
[2024-11-23 23:07:59] Erro na consulta: SQLSTATE[42S02]: Base table or view not found: 1146 Table 'desafio_resumo.tabela_exemplo' doesn't exist
[2024-11-23 23:08:42] Erro na consulta: SQLSTATE[42S02]: Base table or view not found: 1146 Table 'desafio_resumo.tabela_exemplo' doesn't exist
[2024-11-23 23:08:53] Erro na consulta: SQLSTATE[42S02]: Base table or view not found: 1146 Table 'desafio_resumo.tabela_exemplo' doesn't exist
[2024-11-23 23:08:56] Erro na consulta: SQLSTATE[42S02]: Base table or view not found: 1146 Table 'desafio_resumo.tabela_exemplo' doesn't exist
[2024-11-23 23:10:32] Erro na consulta: SQLSTATE[42S02]: Base table or view not found: 1146 Table 'desafio_resumo.tabela_exemplo' doesn't exist
[2024-11-23 23:11:08] Erro na consulta: SQLSTATE[42S02]: Base table or view not found: 1146 Table 'desafio_resumo.tabela_exemplo' doesn't exist
[2024-11-23 23:11:53] Erro na consulta: SQLSTATE[42S02]: Base table or view not found: 1146 Table 'desafio_resumo.tabela_exemplo' doesn't exist
[2024-11-23 23:13:26] Erro na consulta: SQLSTATE[42S02]: Base table or view not found: 1146 Table 'desafio_resumo.tabela_exemplo' doesn't exist
[2024-11-23 23:13:32] Erro na consulta: SQLSTATE[42S02]: Base table or view not found: 1146 Table 'desafio_resumo.tabela_exemplo' doesn't exist
[2024-11-23 23:13:43] Erro na consulta: SQLSTATE[42S02]: Base table or view not found: 1146 Table 'desafio_resumo.tabela_exemplo' doesn't exist
[2024-11-23 23:18:12] Erro na consulta: SQLSTATE[42S02]: Base table or view not found: 1146 Table 'desafio_resumo.tabela_exemplo' doesn't exist
[2024-11-23 23:28:30] Erro na consulta: SQLSTATE[42S02]: Base table or view not found: 1146 Table 'desafio_resumo.tabela_exemplo' doesn't exist
[2024-11-23 23:28:40] Erro na consulta: SQLSTATE[42S02]: Base table or view not found: 1146 Table 'desafio_resumo.tabela_exemplo' doesn't exist
[2024-11-23 23:31:47] Erro na consulta: SQLSTATE[42S02]: Base table or view not found: 1146 Table 'desafio_resumo.tabela_exemplo' doesn't exist
[2024-11-23 23:32:27] Erro na consulta: SQLSTATE[42S02]: Base table or view not found: 1146 Table 'desafio_resumo.tabela_exemplo' doesn't exist
[2024-11-23 23:32:46] Erro na consulta: SQLSTATE[42S02]: Base table or view not found: 1146 Table 'desafio_resumo.tabela_exemplo' doesn't exist
[2024-11-23 23:32:50] Erro na consulta: SQLSTATE[42S02]: Base table or view not found: 1146 Table 'desafio_resumo.tabela_exemplo' doesn't exist
[2024-11-23 23:34:16] Erro na consulta: SQLSTATE[42S02]: Base table or view not found: 1146 Table 'desafio_resumo.tabela_exemplo' doesn't exist
[2024-11-23 23:37:45] Erro na consulta: SQLSTATE[42S02]: Base table or view not found: 1146 Table 'desafio_resumo.tabela_exemplo' doesn't exist
[2024-11-23 23:40:54] Erro na consulta: SQLSTATE[42S02]: Base table or view not found: 1146 Table 'desafio_resumo.tabela_exemplo' doesn't exist
[2024-11-23 23:41:54] Erro na consulta: SQLSTATE[42S02]: Base table or view not found: 1146 Table 'desafio_resumo.tabela_exemplo' doesn't exist
[2024-11-23 23:42:02] Erro na consulta: SQLSTATE[42S02]: Base table or view not found: 1146 Table 'desafio_resumo.tabela_exemplo' doesn't exist
[2024-11-23 23:42:07] Erro na consulta: SQLSTATE[42S02]: Base table or view not found: 1146 Table 'desafio_resumo.tabela_exemplo' doesn't exist
[2024-11-23 23:47:00] Erro na consulta: SQLSTATE[42S02]: Base table or view not found: 1146 Table 'desafio_resumo.tabela_exemplo' doesn't exist
[2024-11-23 23:47:10] Erro na consulta: SQLSTATE[42S02]: Base table or view not found: 1146 Table 'desafio_resumo.tabela_exemplo' doesn't exist
[2024-11-23 23:53:30] Erro na consulta: SQLSTATE[42S02]: Base table or view not found: 1146 Table 'desafio_resumo.tabela_exemplo' doesn't exist
[2024-11-23 23:54:17] Erro na consulta: SQLSTATE[42S02]: Base table or view not found: 1146 Table 'desafio_resumo.tabela_exemplo' doesn't exist
[2024-11-23 23:56:01] Erro na consulta: SQLSTATE[42S02]: Base table or view not found: 1146 Table 'desafio_resumo.tabela_exemplo' doesn't exist
[2024-11-23 23:56:14] Erro na consulta: SQLSTATE[42S02]: Base table or view not found: 1146 Table 'desafio_resumo.tabela_exemplo' doesn't exist
[2024-11-23 23:56:36] Erro na consulta: SQLSTATE[42S02]: Base table or view not found: 1146 Table 'desafio_resumo.tabela_exemplo' doesn't exist
[2024-11-25 17:59:52] Erro na consulta: SQLSTATE[42S02]: Base table or view not found: 1146 Table 'desafio_resumo.tabela_exemplo' doesn't exist
[2024-11-25 18:21:07] Erro na consulta: SQLSTATE[42S02]: Base table or view not found: 1146 Table 'desafio_resumo.tabela_exemplo' doesn't exist
[2024-11-25 18:21:22] Erro na consulta: SQLSTATE[42S02]: Base table or view not found: 1146 Table 'desafio_resumo.tabela_exemplo' doesn't exist
[2024-11-25 18:21:27] Erro na consulta: SQLSTATE[42S02]: Base table or view not found: 1146 Table 'desafio_resumo.tabela_exemplo' doesn't exist
[2024-11-25 18:32:30] Erro na consulta: SQLSTATE[42S02]: Base table or view not found: 1146 Table 'desafio_resumo.tabela_exemplo' doesn't exist
[2024-11-25 18:35:07] Erro na consulta: SQLSTATE[42S02]: Base table or view not found: 1146 Table 'desafio_resumo.tabela_exemplo' doesn't exist
[2024-11-25 18:35:10] Erro na consulta: SQLSTATE[42S02]: Base table or view not found: 1146 Table 'desafio_resumo.tabela_exemplo' doesn't exist
[2024-11-25 18:35:17] Erro na consulta: SQLSTATE[42S02]: Base table or view not found: 1146 Table 'desafio_resumo.tabela_exemplo' doesn't exist
[2024-11-25 18:38:15] Erro na consulta: SQLSTATE[42S02]: Base table or view not found: 1146 Table 'desafio_resumo.tabela_exemplo' doesn't exist
[2024-11-25 18:41:04] Erro na consulta: SQLSTATE[42S02]: Base table or view not found: 1146 Table 'desafio_resumo.tabela_exemplo' doesn't exist
[2024-11-25 18:45:48] Erro na consulta: SQLSTATE[42S02]: Base table or view not found: 1146 Table 'desafio_resumo.tabela_exemplo' doesn't exist
[2024-11-25 18:47:18] Erro na consulta: SQLSTATE[42S02]: Base table or view not found: 1146 Table 'desafio_resumo.tabela_exemplo' doesn't exist
[2024-11-25 18:47:28] Erro na consulta: SQLSTATE[42S02]: Base table or view not found: 1146 Table 'desafio_resumo.tabela_exemplo' doesn't exist
[2024-11-25 18:47:59] Erro na consulta: SQLSTATE[42S02]: Base table or view not found: 1146 Table 'desafio_resumo.tabela_exemplo' doesn't exist
[2024-11-25 18:50:12] Erro na consulta: SQLSTATE[42S02]: Base table or view not found: 1146 Table 'desafio_resumo.tabela_exemplo' doesn't exist
[2024-11-25 19:08:04] Erro na consulta: SQLSTATE[42S02]: Base table or view not found: 1146 Table 'desafio_resumo.tabela_exemplo' doesn't exist
[2024-11-25 19:08:12] Erro na consulta: SQLSTATE[42S02]: Base table or view not found: 1146 Table 'desafio_resumo.tabela_exemplo' doesn't exist
[2024-11-25 19:21:58] Erro na consulta: SQLSTATE[42S02]: Base table or view not found: 1146 Table 'desafio_resumo.tabela_exemplo' doesn't exist
[2024-11-25 19:23:12] Erro na consulta: SQLSTATE[42S02]: Base table or view not found: 1146 Table 'desafio_resumo.tabela_exemplo' doesn't exist
[2024-11-25 19:23:20] Erro na consulta: SQLSTATE[42S02]: Base table or view not found: 1146 Table 'desafio_resumo.tabela_exemplo' doesn't exist
[2024-11-25 19:28:30] Erro na consulta: SQLSTATE[42S02]: Base table or view not found: 1146 Table 'desafio_resumo.tabela_exemplo' doesn't exist
[2024-11-25 19:28:53] Erro na consulta: SQLSTATE[42S02]: Base table or view not found: 1146 Table 'desafio_resumo.tabela_exemplo' doesn't exist
[2024-11-25 19:31:09] Erro na consulta: SQLSTATE[42S02]: Base table or view not found: 1146 Table 'desafio_resumo.tabela_exemplo' doesn't exist
[2024-11-25 19:33:03] Erro na consulta: SQLSTATE[42S02]: Base table or view not found: 1146 Table 'desafio_resumo.tabela_exemplo' doesn't exist
[2024-11-25 19:34:20] Erro na consulta: SQLSTATE[42S02]: Base table or view not found: 1146 Table 'desafio_resumo.tabela_exemplo' doesn't exist
[2024-11-25 19:35:01] Erro na consulta: SQLSTATE[42S02]: Base table or view not found: 1146 Table 'desafio_resumo.tabela_exemplo' doesn't exist
[2024-11-25 20:59:09] Erro na consulta: SQLSTATE[42S02]: Base table or view not found: 1146 Table 'desafio_resumo.tabela_exemplo' doesn't exist
[2024-11-25 21:00:35] Erro na consulta: SQLSTATE[42S02]: Base table or view not found: 1146 Table 'desafio_resumo.tabela_exemplo' doesn't exist
[2024-11-25 21:01:14] Erro na consulta: SQLSTATE[42S02]: Base table or view not found: 1146 Table 'desafio_resumo.tabela_exemplo' doesn't exist
[2024-11-25 21:03:02] Erro na consulta: SQLSTATE[42S02]: Base table or view not found: 1146 Table 'desafio_resumo.tabela_exemplo' doesn't exist
[2024-11-25 21:07:13] Erro na consulta: SQLSTATE[42S02]: Base table or view not found: 1146 Table 'desafio_resumo.tabela_exemplo' doesn't exist
[2024-11-25 21:09:45] Erro na consulta: SQLSTATE[42S02]: Base table or view not found: 1146 Table 'desafio_resumo.tabela_exemplo' doesn't exist
[2024-11-25 21:11:29] Erro na consulta: SQLSTATE[42S02]: Base table or view not found: 1146 Table 'desafio_resumo.tabela_exemplo' doesn't exist
[2024-11-25 21:12:13] Erro na consulta: SQLSTATE[42S02]: Base table or view not found: 1146 Table 'desafio_resumo.tabela_exemplo' doesn't exist
[2024-11-25 21:12:30] Erro na consulta: SQLSTATE[42S02]: Base table or view not found: 1146 Table 'desafio_resumo.tabela_exemplo' doesn't exist
[2024-11-25 21:12:36] Erro na consulta: SQLSTATE[42S02]: Base table or view not found: 1146 Table 'desafio_resumo.tabela_exemplo' doesn't exist
[2024-11-25 21:12:53] Erro na consulta: SQLSTATE[42S02]: Base table or view not found: 1146 Table 'desafio_resumo.tabela_exemplo' doesn't exist
[2024-11-25 21:12:58] Erro na consulta: SQLSTATE[42S02]: Base table or view not found: 1146 Table 'desafio_resumo.tabela_exemplo' doesn't exist
[2024-11-25 21:12:58] Erro na consulta: SQLSTATE[42S02]: Base table or view not found: 1146 Table 'desafio_resumo.tabela_exemplo' doesn't exist
[2024-11-25 21:15:25] Erro na consulta: SQLSTATE[42S02]: Base table or view not found: 1146 Table 'desafio_resumo.tabela_exemplo' doesn't exist
[2024-11-25 21:15:55] Erro na consulta: SQLSTATE[42S02]: Base table or view not found: 1146 Table 'desafio_resumo.tabela_exemplo' doesn't exist
[2024-11-25 21:16:42] Erro na consulta: SQLSTATE[42S02]: Base table or view not found: 1146 Table 'desafio_resumo.tabela_exemplo' doesn't exist
[2024-11-25 21:16:43] Erro na consulta: SQLSTATE[42S02]: Base table or view not found: 1146 Table 'desafio_resumo.tabela_exemplo' doesn't exist
[2024-11-25 21:16:47] Erro na consulta: SQLSTATE[42S02]: Base table or view not found: 1146 Table 'desafio_resumo.tabela_exemplo' doesn't exist
[2024-11-25 21:16:47] Erro na consulta: SQLSTATE[42S02]: Base table or view not found: 1146 Table 'desafio_resumo.tabela_exemplo' doesn't exist
[2024-11-25 21:16:55] Erro na consulta: SQLSTATE[42S02]: Base table or view not found: 1146 Table 'desafio_resumo.tabela_exemplo' doesn't exist
[2024-11-25 21:17:18] Erro na consulta: SQLSTATE[42S02]: Base table or view not found: 1146 Table 'desafio_resumo.tabela_exemplo' doesn't exist
[2024-11-25 21:19:07] Erro na consulta: SQLSTATE[42S02]: Base table or view not found: 1146 Table 'desafio_resumo.tabela_exemplo' doesn't exist
[2024-11-25 21:19:09] Erro na consulta: SQLSTATE[42S02]: Base table or view not found: 1146 Table 'desafio_resumo.tabela_exemplo' doesn't exist
[2024-11-25 21:19:11] Erro na consulta: SQLSTATE[42S02]: Base table or view not found: 1146 Table 'desafio_resumo.tabela_exemplo' doesn't exist
[2024-11-25 21:19:11] Erro na consulta: SQLSTATE[42S02]: Base table or view not found: 1146 Table 'desafio_resumo.tabela_exemplo' doesn't exist
[2024-11-25 21:20:59] Erro na consulta: SQLSTATE[42S02]: Base table or view not found: 1146 Table 'desafio_resumo.tabela_exemplo' doesn't exist
[2024-11-25 21:21:25] Erro na consulta: SQLSTATE[42S02]: Base table or view not found: 1146 Table 'desafio_resumo.tabela_exemplo' doesn't exist
[2024-11-25 21:23:05] Erro na consulta: SQLSTATE[42S02]: Base table or view not found: 1146 Table 'desafio_resumo.tabela_exemplo' doesn't exist
[2024-11-25 21:23:07] Erro na consulta: SQLSTATE[42S02]: Base table or view not found: 1146 Table 'desafio_resumo.tabela_exemplo' doesn't exist
[2024-11-25 21:23:08] Erro na consulta: SQLSTATE[42S02]: Base table or view not found: 1146 Table 'desafio_resumo.tabela_exemplo' doesn't exist
[2024-11-25 21:23:08] Erro na consulta: SQLSTATE[42S02]: Base table or view not found: 1146 Table 'desafio_resumo.tabela_exemplo' doesn't exist
[2024-11-25 21:24:43] Erro na consulta: SQLSTATE[42S02]: Base table or view not found: 1146 Table 'desafio_resumo.tabela_exemplo' doesn't exist
[2024-11-25 21:24:44] Erro na consulta: SQLSTATE[42S02]: Base table or view not found: 1146 Table 'desafio_resumo.tabela_exemplo' doesn't exist
[2024-11-25 21:25:05] Erro na consulta: SQLSTATE[42S02]: Base table or view not found: 1146 Table 'desafio_resumo.tabela_exemplo' doesn't exist
[2024-11-25 21:26:18] Erro na consulta: SQLSTATE[42S02]: Base table or view not found: 1146 Table 'desafio_resumo.tabela_exemplo' doesn't exist
[2024-11-25 21:26:20] Erro na consulta: SQLSTATE[42S02]: Base table or view not found: 1146 Table 'desafio_resumo.tabela_exemplo' doesn't exist
[2024-11-25 21:26:21] Erro na consulta: SQLSTATE[42S02]: Base table or view not found: 1146 Table 'desafio_resumo.tabela_exemplo' doesn't exist
[2024-11-25 21:26:21] Erro na consulta: SQLSTATE[42S02]: Base table or view not found: 1146 Table 'desafio_resumo.tabela_exemplo' doesn't exist
[2024-11-25 21:27:32] Erro na consulta: SQLSTATE[42S02]: Base table or view not found: 1146 Table 'desafio_resumo.tabela_exemplo' doesn't exist
[2024-11-25 21:28:14] Erro na consulta: SQLSTATE[42S02]: Base table or view not found: 1146 Table 'desafio_resumo.tabela_exemplo' doesn't exist
[2024-11-25 21:28:34] Erro na consulta: SQLSTATE[42S02]: Base table or view not found: 1146 Table 'desafio_resumo.tabela_exemplo' doesn't exist
[2024-11-25 21:32:27] Erro na consulta: SQLSTATE[42S02]: Base table or view not found: 1146 Table 'desafio_resumo.tabela_exemplo' doesn't exist
[2024-11-25 21:32:28] Erro na consulta: SQLSTATE[42S02]: Base table or view not found: 1146 Table 'desafio_resumo.tabela_exemplo' doesn't exist
[2024-11-25 21:33:48] Erro na consulta: SQLSTATE[42S02]: Base table or view not found: 1146 Table 'desafio_resumo.tabela_exemplo' doesn't exist
[2024-11-25 21:34:32] Erro na consulta: SQLSTATE[42S02]: Base table or view not found: 1146 Table 'desafio_resumo.tabela_exemplo' doesn't exist
[2024-11-25 21:34:55] Erro na consulta: SQLSTATE[42S02]: Base table or view not found: 1146 Table 'desafio_resumo.tabela_exemplo' doesn't exist
[2024-11-25 21:34:59] Erro na consulta: SQLSTATE[42S02]: Base table or view not found: 1146 Table 'desafio_resumo.tabela_exemplo' doesn't exist
[2024-11-25 21:35:01] Erro na consulta: SQLSTATE[42S02]: Base table or view not found: 1146 Table 'desafio_resumo.tabela_exemplo' doesn't exist
[2024-11-25 21:35:15] Erro na consulta: SQLSTATE[42S02]: Base table or view not found: 1146 Table 'desafio_resumo.tabela_exemplo' doesn't exist
[2024-11-25 21:35:32] Erro na consulta: SQLSTATE[42S02]: Base table or view not found: 1146 Table 'desafio_resumo.tabela_exemplo' doesn't exist
[2024-11-25 21:35:37] Erro na consulta: SQLSTATE[42S02]: Base table or view not found: 1146 Table 'desafio_resumo.tabela_exemplo' doesn't exist
[2024-11-25 21:35:39] Erro na consulta: SQLSTATE[42S02]: Base table or view not found: 1146 Table 'desafio_resumo.tabela_exemplo' doesn't exist
[2024-11-25 21:35:43] Erro na consulta: SQLSTATE[42S02]: Base table or view not found: 1146 Table 'desafio_resumo.tabela_exemplo' doesn't exist
[2024-11-25 21:35:51] Erro na consulta: SQLSTATE[42S02]: Base table or view not found: 1146 Table 'desafio_resumo.tabela_exemplo' doesn't exist
[2024-11-25 21:35:51] Erro na consulta: SQLSTATE[42S02]: Base table or view not found: 1146 Table 'desafio_resumo.tabela_exemplo' doesn't exist
[2024-11-25 21:35:55] Erro na consulta: SQLSTATE[42S02]: Base table or view not found: 1146 Table 'desafio_resumo.tabela_exemplo' doesn't exist
[2024-11-25 21:38:35] Erro na consulta: SQLSTATE[42S02]: Base table or view not found: 1146 Table 'desafio_resumo.tabela_exemplo' doesn't exist
[2024-11-25 21:39:19] Erro na consulta: SQLSTATE[42S02]: Base table or view not found: 1146 Table 'desafio_resumo.tabela_exemplo' doesn't exist
[2024-11-25 21:41:01] Erro na consulta: SQLSTATE[42S02]: Base table or view not found: 1146 Table 'desafio_resumo.tabela_exemplo' doesn't exist
[2024-11-25 21:41:33] Erro na consulta: SQLSTATE[42S02]: Base table or view not found: 1146 Table 'desafio_resumo.tabela_exemplo' doesn't exist
[2024-11-25 21:44:35] Erro na consulta: SQLSTATE[42S02]: Base table or view not found: 1146 Table 'desafio_resumo.tabela_exemplo' doesn't exist
[2024-11-25 21:46:11] Erro na consulta: SQLSTATE[42S02]: Base table or view not found: 1146 Table 'desafio_resumo.tabela_exemplo' doesn't exist
[2024-11-25 21:46:22] Erro na consulta: SQLSTATE[42S02]: Base table or view not found: 1146 Table 'desafio_resumo.tabela_exemplo' doesn't exist
[2024-11-25 21:46:30] Erro na consulta: SQLSTATE[42S02]: Base table or view not found: 1146 Table 'desafio_resumo.tabela_exemplo' doesn't exist
[2024-11-25 21:46:31] Erro na consulta: SQLSTATE[42S02]: Base table or view not found: 1146 Table 'desafio_resumo.tabela_exemplo' doesn't exist
[2024-11-25 21:46:37] Erro na consulta: SQLSTATE[42S02]: Base table or view not found: 1146 Table 'desafio_resumo.tabela_exemplo' doesn't exist
[2024-11-25 21:46:38] Erro na consulta: SQLSTATE[42S02]: Base table or view not found: 1146 Table 'desafio_resumo.tabela_exemplo' doesn't exist
[2024-11-25 21:51:37] Erro na consulta: SQLSTATE[42S02]: Base table or view not found: 1146 Table 'desafio_resumo.tabela_exemplo' doesn't exist
[2024-11-25 21:54:53] Erro na consulta: SQLSTATE[42S02]: Base table or view not found: 1146 Table 'desafio_resumo.tabela_exemplo' doesn't exist
[2024-11-25 22:02:58] Erro na consulta: SQLSTATE[42S02]: Base table or view not found: 1146 Table 'desafio_resumo.tabela_exemplo' doesn't exist
[2024-11-25 22:03:37] Erro na consulta: SQLSTATE[42S02]: Base table or view not found: 1146 Table 'desafio_resumo.tabela_exemplo' doesn't exist
[2024-11-25 22:03:51] Erro na consulta: SQLSTATE[42S02]: Base table or view not found: 1146 Table 'desafio_resumo.tabela_exemplo' doesn't exist
[2024-11-25 22:05:44] Erro na consulta: SQLSTATE[42S02]: Base table or view not found: 1146 Table 'desafio_resumo.tabela_exemplo' doesn't exist
[2024-11-25 22:06:27] Erro na consulta: SQLSTATE[42S02]: Base table or view not found: 1146 Table 'desafio_resumo.tabela_exemplo' doesn't exist
[2024-11-25 22:06:34] Erro na consulta: SQLSTATE[42S02]: Base table or view not found: 1146 Table 'desafio_resumo.tabela_exemplo' doesn't exist
[2024-11-25 22:10:02] Erro na consulta: SQLSTATE[42S02]: Base table or view not found: 1146 Table 'desafio_resumo.tabela_exemplo' doesn't exist
[2024-11-26 16:52:47] Erro na consulta: SQLSTATE[42S02]: Base table or view not found: 1146 Table 'desafio_resumo.tabela_exemplo' doesn't exist
[2024-11-26 16:52:59] Erro na consulta: SQLSTATE[42S02]: Base table or view not found: 1146 Table 'desafio_resumo.tabela_exemplo' doesn't exist
[2024-11-26 16:55:20] Erro na consulta: SQLSTATE[42S02]: Base table or view not found: 1146 Table 'desafio_resumo.tabela_exemplo' doesn't exist
[2024-11-26 16:55:32] Erro na consulta: SQLSTATE[42S02]: Base table or view not found: 1146 Table 'desafio_resumo.tabela_exemplo' doesn't exist
[2024-11-26 16:56:28] Erro na consulta: SQLSTATE[42S02]: Base table or view not found: 1146 Table 'desafio_resumo.tabela_exemplo' doesn't exist
[2024-11-26 16:56:30] Erro na consulta: SQLSTATE[42S02]: Base table or view not found: 1146 Table 'desafio_resumo.tabela_exemplo' doesn't exist
[2024-11-26 16:56:34] Erro na consulta: SQLSTATE[42S02]: Base table or view not found: 1146 Table 'desafio_resumo.tabela_exemplo' doesn't exist
[2024-11-26 16:56:34] Erro na consulta: SQLSTATE[42S02]: Base table or view not found: 1146 Table 'desafio_resumo.tabela_exemplo' doesn't exist
[2024-11-26 16:57:13] Erro na consulta: SQLSTATE[42S02]: Base table or view not found: 1146 Table 'desafio_resumo.tabela_exemplo' doesn't exist
[2024-11-26 18:25:24] Erro na consulta: SQLSTATE[42S02]: Base table or view not found: 1146 Table 'desafio_resumo.tabela_exemplo' doesn't exist
[2024-11-26 18:25:40] Erro na consulta: SQLSTATE[42S02]: Base table or view not found: 1146 Table 'desafio_resumo.tabela_exemplo' doesn't exist
[2024-11-26 18:42:34] Erro na consulta: SQLSTATE[42S02]: Base table or view not found: 1146 Table 'desafio_resumo.tabela_exemplo' doesn't exist
[2024-11-26 19:08:01] Erro na consulta: SQLSTATE[42S02]: Base table or view not found: 1146 Table 'desafio_resumo.tabela_exemplo' doesn't exist
[2024-11-26 19:10:31] Erro na consulta: SQLSTATE[42S02]: Base table or view not found: 1146 Table 'desafio_resumo.tabela_exemplo' doesn't exist
[2024-11-26 19:14:00] Erro na consulta: SQLSTATE[42S02]: Base table or view not found: 1146 Table 'desafio_resumo.tabela_exemplo' doesn't exist
[2024-11-26 19:14:12] Erro na consulta: SQLSTATE[42S02]: Base table or view not found: 1146 Table 'desafio_resumo.tabela_exemplo' doesn't exist
[2024-11-26 19:14:46] Erro na consulta: SQLSTATE[42S02]: Base table or view not found: 1146 Table 'desafio_resumo.tabela_exemplo' doesn't exist
[2024-11-26 19:19:13] Erro na consulta: SQLSTATE[42S02]: Base table or view not found: 1146 Table 'desafio_resumo.tabela_exemplo' doesn't exist
[2024-11-26 19:21:35] Erro na consulta: SQLSTATE[42S02]: Base table or view not found: 1146 Table 'desafio_resumo.tabela_exemplo' doesn't exist
[2024-11-26 19:26:27] Erro na consulta: SQLSTATE[42S02]: Base table or view not found: 1146 Table 'desafio_resumo.tabela_exemplo' doesn't exist
[2024-11-26 19:27:03] Erro na consulta: SQLSTATE[42S02]: Base table or view not found: 1146 Table 'desafio_resumo.tabela_exemplo' doesn't exist
[2024-11-26 19:33:12] Erro na consulta: SQLSTATE[42S02]: Base table or view not found: 1146 Table 'desafio_resumo.tabela_exemplo' doesn't exist
[2024-11-26 19:35:13] Erro na consulta: SQLSTATE[42S02]: Base table or view not found: 1146 Table 'desafio_resumo.tabela_exemplo' doesn't exist
[2024-11-26 19:38:46] Erro na consulta: SQLSTATE[42S02]: Base table or view not found: 1146 Table 'desafio_resumo.tabela_exemplo' doesn't exist
[2024-11-26 19:39:19] Erro na consulta: SQLSTATE[42S02]: Base table or view not found: 1146 Table 'desafio_resumo.tabela_exemplo' doesn't exist
[2024-11-26 19:39:32] Erro na consulta: SQLSTATE[42S02]: Base table or view not found: 1146 Table 'desafio_resumo.tabela_exemplo' doesn't exist
[2024-11-26 19:39:46] Erro na consulta: SQLSTATE[42S02]: Base table or view not found: 1146 Table 'desafio_resumo.tabela_exemplo' doesn't exist
[2024-11-26 19:40:49] Erro na consulta: SQLSTATE[42S02]: Base table or view not found: 1146 Table 'desafio_resumo.tabela_exemplo' doesn't exist
[2024-11-26 19:40:50] Erro na consulta: SQLSTATE[42S02]: Base table or view not found: 1146 Table 'desafio_resumo.tabela_exemplo' doesn't exist
[2024-11-26 19:40:50] Erro na consulta: SQLSTATE[42S02]: Base table or view not found: 1146 Table 'desafio_resumo.tabela_exemplo' doesn't exist
[2024-11-26 19:41:44] Erro na consulta: SQLSTATE[42S02]: Base table or view not found: 1146 Table 'desafio_resumo.tabela_exemplo' doesn't exist
[2024-11-26 19:42:03] Erro na consulta: SQLSTATE[42S02]: Base table or view not found: 1146 Table 'desafio_resumo.tabela_exemplo' doesn't exist
[2024-11-26 19:42:16] Erro na consulta: SQLSTATE[42S02]: Base table or view not found: 1146 Table 'desafio_resumo.tabela_exemplo' doesn't exist
[2024-11-26 19:43:16] Erro na consulta: SQLSTATE[42S02]: Base table or view not found: 1146 Table 'desafio_resumo.tabela_exemplo' doesn't exist
[2024-11-26 19:43:27] Erro na consulta: SQLSTATE[42S02]: Base table or view not found: 1146 Table 'desafio_resumo.tabela_exemplo' doesn't exist
[2024-11-26 19:43:39] Erro na consulta: SQLSTATE[42S02]: Base table or view not found: 1146 Table 'desafio_resumo.tabela_exemplo' doesn't exist
[2024-11-26 19:43:50] Erro na consulta: SQLSTATE[42S02]: Base table or view not found: 1146 Table 'desafio_resumo.tabela_exemplo' doesn't exist
[2024-11-26 19:43:53] Erro na consulta: SQLSTATE[42S02]: Base table or view not found: 1146 Table 'desafio_resumo.tabela_exemplo' doesn't exist
[2024-11-26 19:43:56] Erro na consulta: SQLSTATE[42S02]: Base table or view not found: 1146 Table 'desafio_resumo.tabela_exemplo' doesn't exist
[2024-11-26 19:44:12] Erro na consulta: SQLSTATE[42S02]: Base table or view not found: 1146 Table 'desafio_resumo.tabela_exemplo' doesn't exist
[2024-11-26 20:02:57] Erro na consulta: SQLSTATE[42S02]: Base table or view not found: 1146 Table 'desafio_resumo.tabela_exemplo' doesn't exist
[2024-11-26 20:03:10] Erro na consulta: SQLSTATE[42S02]: Base table or view not found: 1146 Table 'desafio_resumo.tabela_exemplo' doesn't exist
[2024-11-26 20:03:49] Erro na consulta: SQLSTATE[42S02]: Base table or view not found: 1146 Table 'desafio_resumo.tabela_exemplo' doesn't exist
[2024-11-26 20:04:37] Erro na consulta: SQLSTATE[42S02]: Base table or view not found: 1146 Table 'desafio_resumo.tabela_exemplo' doesn't exist
[2024-11-26 20:04:40] Erro na consulta: SQLSTATE[42S02]: Base table or view not found: 1146 Table 'desafio_resumo.tabela_exemplo' doesn't exist
[2024-11-26 20:04:42] Erro na consulta: SQLSTATE[42S02]: Base table or view not found: 1146 Table 'desafio_resumo.tabela_exemplo' doesn't exist
[2024-11-26 20:04:42] Erro na consulta: SQLSTATE[42S02]: Base table or view not found: 1146 Table 'desafio_resumo.tabela_exemplo' doesn't exist
[2024-11-26 20:05:24] Erro na consulta: SQLSTATE[42S02]: Base table or view not found: 1146 Table 'desafio_resumo.tabela_exemplo' doesn't exist
[2024-11-26 20:10:25] Erro na consulta: SQLSTATE[42S02]: Base table or view not found: 1146 Table 'desafio_resumo.tabela_exemplo' doesn't exist
[2024-11-26 20:10:36] Erro na consulta: SQLSTATE[42S02]: Base table or view not found: 1146 Table 'desafio_resumo.tabela_exemplo' doesn't exist
[2024-11-26 20:13:15] Erro na consulta: SQLSTATE[42S02]: Base table or view not found: 1146 Table 'desafio_resumo.tabela_exemplo' doesn't exist
[2024-11-26 20:13:52] Erro na consulta: SQLSTATE[42S02]: Base table or view not found: 1146 Table 'desafio_resumo.tabela_exemplo' doesn't exist
[2024-11-26 20:14:06] Erro na consulta: SQLSTATE[42S02]: Base table or view not found: 1146 Table 'desafio_resumo.tabela_exemplo' doesn't exist
[2024-11-26 20:14:16] Erro na consulta: SQLSTATE[42S02]: Base table or view not found: 1146 Table 'desafio_resumo.tabela_exemplo' doesn't exist
[2024-11-26 20:14:19] Erro na consulta: SQLSTATE[42S02]: Base table or view not found: 1146 Table 'desafio_resumo.tabela_exemplo' doesn't exist
[2024-11-26 20:14:44] Erro na consulta: SQLSTATE[42S02]: Base table or view not found: 1146 Table 'desafio_resumo.tabela_exemplo' doesn't exist
[2024-11-26 20:15:50] Erro na consulta: SQLSTATE[42S02]: Base table or view not found: 1146 Table 'desafio_resumo.tabela_exemplo' doesn't exist
[2024-11-26 20:16:48] Erro na consulta: SQLSTATE[42S02]: Base table or view not found: 1146 Table 'desafio_resumo.tabela_exemplo' doesn't exist
[2024-11-26 20:18:42] Erro na consulta: SQLSTATE[42S02]: Base table or view not found: 1146 Table 'desafio_resumo.tabela_exemplo' doesn't exist
[2024-11-26 20:19:33] Erro na consulta: SQLSTATE[42S02]: Base table or view not found: 1146 Table 'desafio_resumo.tabela_exemplo' doesn't exist
[2024-11-26 20:20:29] Erro na consulta: SQLSTATE[42S02]: Base table or view not found: 1146 Table 'desafio_resumo.tabela_exemplo' doesn't exist
[2024-11-26 20:21:00] Erro na consulta: SQLSTATE[42S02]: Base table or view not found: 1146 Table 'desafio_resumo.tabela_exemplo' doesn't exist
[2024-11-26 20:23:17] Erro na consulta: SQLSTATE[42S02]: Base table or view not found: 1146 Table 'desafio_resumo.tabela_exemplo' doesn't exist
[2024-11-26 20:24:27] Erro na consulta: SQLSTATE[42S02]: Base table or view not found: 1146 Table 'desafio_resumo.tabela_exemplo' doesn't exist
[2024-11-26 20:26:17] Erro na consulta: SQLSTATE[42S02]: Base table or view not found: 1146 Table 'desafio_resumo.tabela_exemplo' doesn't exist
[2024-11-26 20:27:31] Erro na consulta: SQLSTATE[42S02]: Base table or view not found: 1146 Table 'desafio_resumo.tabela_exemplo' doesn't exist
[2024-11-26 20:27:39] Erro na consulta: SQLSTATE[42S02]: Base table or view not found: 1146 Table 'desafio_resumo.tabela_exemplo' doesn't exist
[2024-11-26 20:28:33] Erro na consulta: SQLSTATE[42S02]: Base table or view not found: 1146 Table 'desafio_resumo.tabela_exemplo' doesn't exist
[2024-11-26 20:30:43] Erro na consulta: SQLSTATE[42S02]: Base table or view not found: 1146 Table 'desafio_resumo.tabela_exemplo' doesn't exist
[2024-11-26 20:30:50] Erro na consulta: SQLSTATE[42S02]: Base table or view not found: 1146 Table 'desafio_resumo.tabela_exemplo' doesn't exist
[2024-11-26 20:31:03] Erro na consulta: SQLSTATE[42S02]: Base table or view not found: 1146 Table 'desafio_resumo.tabela_exemplo' doesn't exist
[2024-11-26 20:31:40] Erro na consulta: SQLSTATE[42S02]: Base table or view not found: 1146 Table 'desafio_resumo.tabela_exemplo' doesn't exist
[2024-11-26 20:31:40] Erro na consulta: SQLSTATE[42S02]: Base table or view not found: 1146 Table 'desafio_resumo.tabela_exemplo' doesn't exist
[2024-11-26 20:31:47] Erro na consulta: SQLSTATE[42S02]: Base table or view not found: 1146 Table 'desafio_resumo.tabela_exemplo' doesn't exist
[2024-11-26 20:32:06] Erro na consulta: SQLSTATE[42S02]: Base table or view not found: 1146 Table 'desafio_resumo.tabela_exemplo' doesn't exist
[2024-11-26 20:32:11] Erro na consulta: SQLSTATE[42S02]: Base table or view not found: 1146 Table 'desafio_resumo.tabela_exemplo' doesn't exist
[2024-11-26 20:35:59] Erro na consulta: SQLSTATE[42S02]: Base table or view not found: 1146 Table 'desafio_resumo.tabela_exemplo' doesn't exist
[2024-11-26 20:36:04] Erro na consulta: SQLSTATE[42S02]: Base table or view not found: 1146 Table 'desafio_resumo.tabela_exemplo' doesn't exist
[2024-11-26 20:39:56] Erro na consulta: SQLSTATE[42S02]: Base table or view not found: 1146 Table 'desafio_resumo.tabela_exemplo' doesn't exist
[2024-11-26 20:40:05] Erro na consulta: SQLSTATE[42S02]: Base table or view not found: 1146 Table 'desafio_resumo.tabela_exemplo' doesn't exist
[2024-11-26 20:42:19] Erro na consulta: SQLSTATE[42S02]: Base table or view not found: 1146 Table 'desafio_resumo.tabela_exemplo' doesn't exist
[2024-11-26 20:42:28] Erro na consulta: SQLSTATE[42S02]: Base table or view not found: 1146 Table 'desafio_resumo.tabela_exemplo' doesn't exist
[2024-11-26 20:47:12] Erro na consulta: SQLSTATE[42S02]: Base table or view not found: 1146 Table 'desafio_resumo.tabela_exemplo' doesn't exist
[2024-11-26 20:47:23] Erro na consulta: SQLSTATE[42S02]: Base table or view not found: 1146 Table 'desafio_resumo.tabela_exemplo' doesn't exist
[2024-11-26 20:50:25] Erro na consulta: SQLSTATE[42S02]: Base table or view not found: 1146 Table 'desafio_resumo.tabela_exemplo' doesn't exist
[2024-11-26 20:50:27] Erro na consulta: SQLSTATE[42S02]: Base table or view not found: 1146 Table 'desafio_resumo.tabela_exemplo' doesn't exist
[2024-11-26 20:50:51] Erro na consulta: SQLSTATE[42S02]: Base table or view not found: 1146 Table 'desafio_resumo.tabela_exemplo' doesn't exist
[2024-11-26 20:51:00] Erro na consulta: SQLSTATE[42S02]: Base table or view not found: 1146 Table 'desafio_resumo.tabela_exemplo' doesn't exist
[2024-11-26 21:02:38] Erro na consulta: SQLSTATE[42S02]: Base table or view not found: 1146 Table 'desafio_resumo.tabela_exemplo' doesn't exist
[2024-11-26 21:02:46] Erro na consulta: SQLSTATE[42S02]: Base table or view not found: 1146 Table 'desafio_resumo.tabela_exemplo' doesn't exist
[2024-11-26 21:03:12] Erro na consulta: SQLSTATE[42S02]: Base table or view not found: 1146 Table 'desafio_resumo.tabela_exemplo' doesn't exist
